2024-10-20 16:36:59,365 [INFO] WebApp:189 - Connection lost
2024-10-20 16:36:59,831 [INFO] WebApp:186 - Connection restablished
2024-10-20 16:38:11,559 [INFO] WebApp:189 - Connection lost
2024-10-20 16:38:12,006 [INFO] WebApp:186 - Connection restablished
2024-10-20 16:38:30,079 [INFO] WebApp:189 - Connection lost
2024-10-20 16:38:30,264 [INFO] WebApp:186 - Connection restablished
2024-10-20 16:40:24,565 [INFO] WebApp:189 - Connection lost
2024-10-20 16:40:24,711 [INFO] WebApp:186 - Connection restablished
2024-10-20 16:43:24,568 [INFO] WebApp:189 - Connection lost
2024-10-20 16:43:24,878 [INFO] WebApp:186 - Connection restablished
2024-10-20 17:40:45,572 [INFO] WebApp:189 - Connection lost
2024-10-20 17:40:45,728 [INFO] WebApp:186 - Connection restablished
2024-10-20 17:41:53,089 [INFO] WebApp:189 - Connection lost
2024-10-20 17:41:53,246 [INFO] WebApp:186 - Connection restablished
2024-10-20 17:54:20,580 [INFO] WebApp:189 - Connection lost
2024-10-20 17:54:20,980 [INFO] WebApp:186 - Connection restablished
2024-10-20 18:37:16,588 [INFO] WebApp:189 - Connection lost
2024-10-20 18:37:17,026 [INFO] WebApp:186 - Connection restablished
2024-10-20 19:17:32,356 [INFO] Activator:176 - 


2024-10-20 19:17:32,359 [INFO] Activator:177 - !SESSION log4j initialized
2024-10-20 19:17:38,169 [INFO] LogOutputStream:77 - [STDOUT_REDIRECT] 
2024-10-20 19:17:39,978 [INFO] ApplicationProperties:184 - Using Application install path: C:\ST\STM32CubeIDE_1.11.2\STM32CubeIDE\plugins\com.st.stm32cube.common.mx_6.12.1.202409122256
2024-10-20 19:17:39,998 [INFO] DbMcusXml:78 - Set database path to: C:\ST\STM32CubeIDE_1.11.2\STM32CubeIDE\plugins\com.st.stm32cube.common.mx_6.12.1.202409122256\\db\/mcu/
2024-10-20 19:17:39,998 [INFO] ApiDb:274 - Set plugin database path to: C:\ST\STM32CubeIDE_1.11.2\STM32CubeIDE\plugins\com.st.stm32cube.common.mx_6.12.1.202409122256\\db\/plugins/boardmanager/
2024-10-20 19:17:39,998 [WARN] ApiDb:259 - Overriding images path with different value:  => C:\ST\STM32CubeIDE_1.11.2\STM32CubeIDE\plugins\com.st.stm32cube.common.mx_6.12.1.202409122256\\db\/plugins/mcufinder/images/
2024-10-20 19:17:40,005 [INFO] ApiDb:250 - Set database path to: C:\Users\diobe\.stmcufinder\plugins\mcufinder//mcu/
2024-10-20 19:17:40,006 [INFO] DbMcusAds:125 - Set database path to: C:\Users\diobe\.stmcufinder\plugins\mcufinder//mcu/
2024-10-20 19:17:40,009 [INFO] CrossReferenceDbSqlite:203 - Set database path to: C:\Users\diobe\.stmcufinder\plugins\mcufinder//mcu/cs/
2024-10-20 19:17:40,134 [INFO] RulesReader:64 - Compatibility file has been processed (297 Rules)
2024-10-20 19:17:40,240 [INFO] DbMcusXml:78 - Set database path to: C:\ST\STM32CubeIDE_1.11.2\STM32CubeIDE\plugins\com.st.stm32cube.common.mx_6.12.1.202409122256\\db\/mcu/
2024-10-20 19:17:40,240 [INFO] ApiDb:274 - Set plugin database path to: C:\ST\STM32CubeIDE_1.11.2\STM32CubeIDE\plugins\com.st.stm32cube.common.mx_6.12.1.202409122256\\db\/plugins/boardmanager/
2024-10-20 19:17:40,240 [INFO] ApiDb:261 - Set plugin images path to: C:\ST\STM32CubeIDE_1.11.2\STM32CubeIDE\plugins\com.st.stm32cube.common.mx_6.12.1.202409122256\\db\/plugins/mcufinder/images/
2024-10-20 19:17:40,241 [WARN] DbFile:41 - Overriding database path with different value: C:\Users\diobe\.stmcufinder\plugins\mcufinder/ => C:\Users\diobe\.stmcufinder\plugins\mcufinder
2024-10-20 19:17:40,241 [INFO] ApiDb:250 - Set database path to: C:\Users\diobe\.stmcufinder\plugins\mcufinder//mcu/
2024-10-20 19:17:40,241 [WARN] DbFile:41 - Overriding database path with different value: C:\Users\diobe\.stmcufinder\plugins\mcufinder/ => C:\Users\diobe\.stmcufinder\plugins\mcufinder
2024-10-20 19:17:40,241 [INFO] DbMcusAds:125 - Set database path to: C:\Users\diobe\.stmcufinder\plugins\mcufinder//mcu/
2024-10-20 19:17:40,241 [WARN] DbFile:41 - Overriding database path with different value: C:\Users\diobe\.stmcufinder\plugins\mcufinder/ => C:\Users\diobe\.stmcufinder\plugins\mcufinder
2024-10-20 19:17:40,241 [WARN] DbFile:41 - Overriding database path with different value: C:\Users\diobe\.stmcufinder\plugins\mcufinder/ => C:\Users\diobe\.stmcufinder\plugins\mcufinder
2024-10-20 19:17:40,241 [INFO] CrossReferenceDbSqlite:203 - Set database path to: C:\Users\diobe\.stmcufinder\plugins\mcufinder//mcu/cs/
2024-10-20 19:17:40,346 [INFO] MainPanel:268 - HeapMemory: 268435456
2024-10-20 19:17:40,570 [INFO] DbMcusXml:78 - Set database path to: C:\ST\STM32CubeIDE_1.11.2\STM32CubeIDE\plugins\com.st.stm32cube.common.mx_6.12.1.202409122256\\db\/mcu/
2024-10-20 19:17:40,571 [INFO] ApiDb:274 - Set plugin database path to: C:\ST\STM32CubeIDE_1.11.2\STM32CubeIDE\plugins\com.st.stm32cube.common.mx_6.12.1.202409122256\\db\/plugins/boardmanager/
2024-10-20 19:17:40,571 [INFO] ApiDb:261 - Set plugin images path to: C:\ST\STM32CubeIDE_1.11.2\STM32CubeIDE\plugins\com.st.stm32cube.common.mx_6.12.1.202409122256\\db\/plugins/mcufinder/images/
2024-10-20 19:17:40,571 [WARN] DbFile:41 - Overriding database path with different value: C:\Users\diobe\.stmcufinder\plugins\mcufinder/ => C:\Users\diobe\.stmcufinder\plugins\mcufinder
2024-10-20 19:17:40,572 [INFO] ApiDb:250 - Set database path to: C:\Users\diobe\.stmcufinder\plugins\mcufinder//mcu/
2024-10-20 19:17:40,572 [WARN] DbFile:41 - Overriding database path with different value: C:\Users\diobe\.stmcufinder\plugins\mcufinder/ => C:\Users\diobe\.stmcufinder\plugins\mcufinder
2024-10-20 19:17:40,572 [INFO] DbMcusAds:125 - Set database path to: C:\Users\diobe\.stmcufinder\plugins\mcufinder//mcu/
2024-10-20 19:17:40,572 [WARN] DbFile:41 - Overriding database path with different value: C:\Users\diobe\.stmcufinder\plugins\mcufinder/ => C:\Users\diobe\.stmcufinder\plugins\mcufinder
2024-10-20 19:17:40,572 [WARN] DbFile:41 - Overriding database path with different value: C:\Users\diobe\.stmcufinder\plugins\mcufinder/ => C:\Users\diobe\.stmcufinder\plugins\mcufinder
2024-10-20 19:17:40,572 [INFO] CrossReferenceDbSqlite:203 - Set database path to: C:\Users\diobe\.stmcufinder\plugins\mcufinder//mcu/cs/
2024-10-20 19:17:40,591 [INFO] ApplicationProperties:184 - Using Application install path: C:\ST\STM32CubeIDE_1.11.2\STM32CubeIDE\plugins\com.st.stm32cube.common.mx_6.12.1.202409122256
2024-10-20 19:17:40,592 [INFO] PluginManage:196 - Search for loadable plugins [exclusion list=, ]
2024-10-20 19:17:40,593 [INFO] PluginManage:310 - Check plugin analytics
2024-10-20 19:17:40,782 [INFO] AnalyticsPlugin:253 - Accepted Software Licenses: 
2024-10-20 19:17:40,782 [INFO] AnalyticsPlugin:255 - Accepted CMSIS Pack Licenses: 
2024-10-20 19:17:40,783 [INFO] AnalyticsPlugin:257 - Accepted Firmware Licenses: 
2024-10-20 19:17:40,786 [INFO] PluginManage:359 - Loaded plugin analytics (category:tool,tabindex:-1)
2024-10-20 19:17:40,786 [INFO] PluginManage:310 - Check plugin cadmodel
2024-10-20 19:17:40,791 [INFO] CADModel:105 - Init CAD model plugin
2024-10-20 19:17:40,791 [INFO] PluginManage:359 - Loaded plugin cadmodel (category:power,tabindex:5)
2024-10-20 19:17:40,792 [INFO] PluginManage:310 - Check plugin clock
2024-10-20 19:17:40,807 [INFO] PluginManage:359 - Loaded plugin clock (category:base,tabindex:2)
2024-10-20 19:17:40,808 [INFO] PluginManage:310 - Check plugin ddr
2024-10-20 19:17:40,813 [INFO] PluginManage:359 - Loaded plugin ddr (category:tool,tabindex:6)
2024-10-20 19:17:40,813 [INFO] PluginManage:310 - Check plugin filemanager
2024-10-20 19:17:40,988 [INFO] PluginManage:359 - Loaded plugin filemanager (category:base,tabindex:10)
2024-10-20 19:17:40,988 [INFO] PluginManage:310 - Check plugin ipmanager
2024-10-20 19:17:40,995 [INFO] PluginManage:359 - Loaded plugin ipmanager (category:base,tabindex:5)
2024-10-20 19:17:40,995 [INFO] PluginManage:310 - Check plugin lpbam
2024-10-20 19:17:41,007 [INFO] PluginManage:359 - Loaded plugin lpbam (category:base,tabindex:0)
2024-10-20 19:17:41,008 [INFO] PluginManage:310 - Check plugin memorymap
2024-10-20 19:17:41,033 [INFO] PluginManage:359 - Loaded plugin memorymap (category:base,tabindex:4)
2024-10-20 19:17:41,033 [INFO] PluginManage:310 - Check plugin pinoutandconfiguration
2024-10-20 19:17:41,046 [INFO] PluginManage:359 - Loaded plugin pinoutandconfiguration (category:base,tabindex:1)
2024-10-20 19:17:41,046 [INFO] PluginManage:310 - Check plugin pinoutconfig
2024-10-20 19:17:41,185 [WARN] SupportedApi:132 - Cannot load RTOS API schema: s4s-elt-must-match.1: The content of 'definitions' must match (annotation?, (simpleType | complexType)?, (unique | key | keyref)*)). A problem was found starting at: attribute.
2024-10-20 19:17:41,370 [INFO] PluginManage:359 - Loaded plugin pinoutconfig (category:base,tabindex:0)
2024-10-20 19:17:41,370 [INFO] PluginManage:310 - Check plugin power
2024-10-20 19:17:41,382 [INFO] PluginManage:359 - Loaded plugin power (category:power,tabindex:4)
2024-10-20 19:17:41,382 [INFO] PluginManage:310 - Check plugin projectmanager
2024-10-20 19:17:41,409 [INFO] PluginManage:359 - Loaded plugin projectmanager (category:projectmanager,tabindex:4)
2024-10-20 19:17:41,409 [INFO] PluginManage:310 - Check plugin rif
2024-10-20 19:17:41,420 [INFO] PluginManage:359 - Loaded plugin rif (category:base,tabindex:3)
2024-10-20 19:17:41,420 [INFO] PluginManage:310 - Check plugin thirdparty
2024-10-20 19:17:41,564 [INFO] PluginManage:359 - Loaded plugin thirdparty (category:base,tabindex:-1)
2024-10-20 19:17:41,564 [WARN] IntegrityCheckThread:84 - waiting for thirdparty lock release [integrity check]
2024-10-20 19:17:41,564 [INFO] PluginManage:310 - Check plugin tools
2024-10-20 19:17:41,564 [INFO] IntegrityCheckThread:86 - entering critical section [integrity check]
2024-10-20 19:17:41,565 [INFO] ThirdPartyUpdaterWithRetryManager:70 - Updater plugin not ready yet. [1/15]
2024-10-20 19:17:41,567 [INFO] PluginManage:359 - Loaded plugin tools (category:base,tabindex:7)
2024-10-20 19:17:41,567 [INFO] PluginManage:310 - Check plugin tutovideos
2024-10-20 19:17:41,798 [INFO] PluginManage:359 - Loaded plugin tutovideos (category:base,tabindex:-1)
2024-10-20 19:17:41,798 [INFO] PluginManage:310 - Check plugin updater
2024-10-20 19:17:41,828 [INFO] PluginManage:359 - Loaded plugin updater (category:base,tabindex:12)
2024-10-20 19:17:41,828 [INFO] PluginManage:310 - Check plugin userauth
2024-10-20 19:17:41,836 [INFO] UserAuth:113 - Init User Auth plugin
2024-10-20 19:17:41,836 [INFO] PluginManage:359 - Loaded plugin userauth (category:base,tabindex:14)
2024-10-20 19:17:41,837 [INFO] PluginManage:283 - PluginManage : Loaded plugins [18]
2024-10-20 19:17:42,131 [INFO] PinOutPanel:1561 - setPackage(No Configuration,No Configuration)
2024-10-20 19:17:42,252 [INFO] CADModel:165 - CPN selected for project level
2024-10-20 19:17:42,252 [INFO] CADModel:114 - Register for checkConnection events
2024-10-20 19:17:42,279 [INFO] IPUIPlugin:80 - create IPUIPlugin
2024-10-20 19:17:42,279 [INFO] PluginManager:220 - loadIPPluginJar : add adc
2024-10-20 19:17:42,282 [INFO] IPUIPlugin:80 - create IPUIPlugin
2024-10-20 19:17:42,282 [INFO] PluginManager:220 - loadIPPluginJar : add aes
2024-10-20 19:17:42,285 [INFO] IPUIPlugin:80 - create IPUIPlugin
2024-10-20 19:17:42,285 [INFO] PluginManager:220 - loadIPPluginJar : add can
2024-10-20 19:17:42,288 [INFO] IPUIPlugin:80 - create IPUIPlugin
2024-10-20 19:17:42,288 [INFO] PluginManager:220 - loadIPPluginJar : add comp
2024-10-20 19:17:42,291 [INFO] IPUIPlugin:80 - create IPUIPlugin
2024-10-20 19:17:42,291 [INFO] PluginManager:220 - loadIPPluginJar : add cryp
2024-10-20 19:17:42,295 [INFO] IPUIPlugin:80 - create IPUIPlugin
2024-10-20 19:17:42,296 [INFO] PluginManager:220 - loadIPPluginJar : add ddr_ctrl_phy
2024-10-20 19:17:42,299 [INFO] IPUIPlugin:80 - create IPUIPlugin
2024-10-20 19:17:42,299 [INFO] PluginManager:220 - loadIPPluginJar : add dfsdm
2024-10-20 19:17:42,307 [INFO] IPUIPlugin:80 - create IPUIPlugin
2024-10-20 19:17:42,307 [INFO] PluginManager:220 - loadIPPluginJar : add dma
2024-10-20 19:17:42,310 [INFO] IPUIPlugin:80 - create IPUIPlugin
2024-10-20 19:17:42,310 [INFO] PluginManager:220 - loadIPPluginJar : add dma3
2024-10-20 19:17:42,313 [INFO] IPUIPlugin:80 - create IPUIPlugin
2024-10-20 19:17:42,313 [INFO] PluginManager:220 - loadIPPluginJar : add extmemmanager
2024-10-20 19:17:42,314 [INFO] IPUIPlugin:80 - create IPUIPlugin
2024-10-20 19:17:42,314 [INFO] PluginManager:220 - loadIPPluginJar : add fatfs
2024-10-20 19:17:42,318 [INFO] IPUIPlugin:80 - create IPUIPlugin
2024-10-20 19:17:42,319 [INFO] PluginManager:220 - loadIPPluginJar : add fmc
2024-10-20 19:17:42,325 [INFO] IPUIPlugin:80 - create IPUIPlugin
2024-10-20 19:17:42,325 [INFO] PluginManager:220 - loadIPPluginJar : add freertos
2024-10-20 19:17:42,327 [INFO] IPUIPlugin:80 - create IPUIPlugin
2024-10-20 19:17:42,327 [INFO] PluginManager:220 - loadIPPluginJar : add genericplugin
2024-10-20 19:17:42,329 [INFO] IPUIPlugin:80 - create IPUIPlugin
2024-10-20 19:17:42,329 [INFO] PluginManager:220 - loadIPPluginJar : add gfxmmu
2024-10-20 19:17:42,334 [INFO] IPUIPlugin:80 - create IPUIPlugin
2024-10-20 19:17:42,334 [INFO] PluginManager:220 - loadIPPluginJar : add gic
2024-10-20 19:17:42,339 [INFO] IPUIPlugin:80 - create IPUIPlugin
2024-10-20 19:17:42,340 [INFO] PluginManager:220 - loadIPPluginJar : add gpio
2024-10-20 19:17:42,343 [INFO] IPUIPlugin:80 - create IPUIPlugin
2024-10-20 19:17:42,343 [INFO] PluginManager:220 - loadIPPluginJar : add gtzc
2024-10-20 19:17:42,345 [INFO] IPUIPlugin:80 - create IPUIPlugin
2024-10-20 19:17:42,345 [INFO] PluginManager:220 - loadIPPluginJar : add hash
2024-10-20 19:17:42,348 [INFO] IPUIPlugin:80 - create IPUIPlugin
2024-10-20 19:17:42,349 [INFO] PluginManager:220 - loadIPPluginJar : add i2c
2024-10-20 19:17:42,352 [INFO] IPUIPlugin:80 - create IPUIPlugin
2024-10-20 19:17:42,353 [INFO] PluginManager:220 - loadIPPluginJar : add i2s
2024-10-20 19:17:42,357 [INFO] IPUIPlugin:80 - create IPUIPlugin
2024-10-20 19:17:42,357 [INFO] PluginManager:220 - loadIPPluginJar : add i3c
2024-10-20 19:17:42,362 [INFO] IPUIPlugin:80 - create IPUIPlugin
2024-10-20 19:17:42,363 [INFO] PluginManager:220 - loadIPPluginJar : add ipddr
2024-10-20 19:17:42,375 [INFO] IPUIPlugin:80 - create IPUIPlugin
2024-10-20 19:17:42,375 [INFO] PluginManager:220 - loadIPPluginJar : add linkedlist
2024-10-20 19:17:42,379 [INFO] IPUIPlugin:80 - create IPUIPlugin
2024-10-20 19:17:42,380 [INFO] PluginManager:220 - loadIPPluginJar : add lorawan
2024-10-20 19:17:42,382 [INFO] IPUIPlugin:80 - create IPUIPlugin
2024-10-20 19:17:42,382 [INFO] PluginManager:220 - loadIPPluginJar : add ltdc
2024-10-20 19:17:42,393 [INFO] IPUIPlugin:80 - create IPUIPlugin
2024-10-20 19:17:42,393 [INFO] PluginManager:220 - loadIPPluginJar : add mdma
2024-10-20 19:17:42,399 [INFO] IPUIPlugin:80 - create IPUIPlugin
2024-10-20 19:17:42,399 [INFO] PluginManager:220 - loadIPPluginJar : add nvic
2024-10-20 19:17:42,404 [INFO] IPUIPlugin:80 - create IPUIPlugin
2024-10-20 19:17:42,404 [INFO] PluginManager:220 - loadIPPluginJar : add opamp
2024-10-20 19:17:42,409 [INFO] IPUIPlugin:80 - create IPUIPlugin
2024-10-20 19:17:42,410 [INFO] PluginManager:220 - loadIPPluginJar : add openamp
2024-10-20 19:17:42,415 [INFO] IPUIPlugin:80 - create IPUIPlugin
2024-10-20 19:17:42,415 [INFO] PluginManager:220 - loadIPPluginJar : add pdm2pcm
2024-10-20 19:17:42,425 [INFO] IPUIPlugin:80 - create IPUIPlugin
2024-10-20 19:17:42,430 [INFO] PluginManager:220 - loadIPPluginJar : add plateformsettings
2024-10-20 19:17:42,433 [INFO] IPUIPlugin:80 - create IPUIPlugin
2024-10-20 19:17:42,433 [INFO] PluginManager:220 - loadIPPluginJar : add quadspi
2024-10-20 19:17:42,436 [INFO] IPUIPlugin:80 - create IPUIPlugin
2024-10-20 19:17:42,439 [INFO] PluginManager:220 - loadIPPluginJar : add radio
2024-10-20 19:17:42,444 [INFO] IPUIPlugin:80 - create IPUIPlugin
2024-10-20 19:17:42,444 [INFO] PluginManager:220 - loadIPPluginJar : add resmgrutility
2024-10-20 19:17:42,448 [INFO] IPUIPlugin:80 - create IPUIPlugin
2024-10-20 19:17:42,448 [INFO] PluginManager:220 - loadIPPluginJar : add sai
2024-10-20 19:17:42,451 [INFO] IPUIPlugin:80 - create IPUIPlugin
2024-10-20 19:17:42,451 [INFO] PluginManager:220 - loadIPPluginJar : add spi
2024-10-20 19:17:42,460 [INFO] IPUIPlugin:80 - create IPUIPlugin
2024-10-20 19:17:42,460 [INFO] PluginManager:220 - loadIPPluginJar : add stm32_wpan
2024-10-20 19:17:42,463 [INFO] IPUIPlugin:80 - create IPUIPlugin
2024-10-20 19:17:42,463 [INFO] PluginManager:220 - loadIPPluginJar : add tim
2024-10-20 19:17:42,467 [INFO] IPUIPlugin:80 - create IPUIPlugin
2024-10-20 19:17:42,468 [INFO] PluginManager:220 - loadIPPluginJar : add touchsensing
2024-10-20 19:17:42,471 [INFO] IPUIPlugin:80 - create IPUIPlugin
2024-10-20 19:17:42,471 [INFO] PluginManager:220 - loadIPPluginJar : add tracer_emb
2024-10-20 19:17:42,474 [INFO] IPUIPlugin:80 - create IPUIPlugin
2024-10-20 19:17:42,474 [INFO] PluginManager:220 - loadIPPluginJar : add ts
2024-10-20 19:17:42,476 [INFO] IPUIPlugin:80 - create IPUIPlugin
2024-10-20 19:17:42,476 [INFO] PluginManager:220 - loadIPPluginJar : add tsc
2024-10-20 19:17:42,479 [INFO] IPUIPlugin:80 - create IPUIPlugin
2024-10-20 19:17:42,479 [INFO] PluginManager:220 - loadIPPluginJar : add ucpd
2024-10-20 19:17:42,483 [INFO] IPUIPlugin:80 - create IPUIPlugin
2024-10-20 19:17:42,483 [INFO] PluginManager:220 - loadIPPluginJar : add usart
2024-10-20 19:17:42,486 [INFO] IPUIPlugin:80 - create IPUIPlugin
2024-10-20 19:17:42,486 [INFO] PluginManager:220 - loadIPPluginJar : add usbx
2024-10-20 19:17:42,619 [INFO] CADModel:165 - CPN selected for project level
2024-10-20 19:17:42,619 [INFO] CADModel:114 - Register for checkConnection events
2024-10-20 19:17:42,620 [FATAL] Updater:334 - Updater called before beeing initialized
2024-10-20 19:17:42,620 [ERROR] CADModel:125 - Updater not yet initialized, retry later 
2024-10-20 19:17:42,809 [INFO] CADModel:165 - CPN selected for project level
2024-10-20 19:17:42,809 [INFO] CADModel:114 - Register for checkConnection events
2024-10-20 19:17:42,809 [FATAL] Updater:334 - Updater called before beeing initialized
2024-10-20 19:17:42,809 [ERROR] CADModel:125 - Updater not yet initialized, retry later 
2024-10-20 19:17:42,813 [FATAL] Updater:334 - Updater called before beeing initialized
2024-10-20 19:17:42,933 [FATAL] Updater:334 - Updater called before beeing initialized
2024-10-20 19:17:42,939 [INFO] DbMcusAds:53 - JSON generation date=Fri Sep 20 07:04:38 CST 2024 (1726837478367)
2024-10-20 19:17:42,939 [FATAL] Updater:334 - Updater called before beeing initialized
2024-10-20 19:17:42,990 [WARN] DetailPanel:346 - Failed to get advertising image, set to default
2024-10-20 19:17:43,108 [FATAL] Updater:334 - Updater called before beeing initialized
2024-10-20 19:17:43,110 [FATAL] Updater:334 - Updater called before beeing initialized
2024-10-20 19:17:43,111 [FATAL] Updater:334 - Updater called before beeing initialized
2024-10-20 19:17:43,111 [WARN] DetailPanel:346 - Failed to get advertising image, set to default
2024-10-20 19:17:43,112 [FATAL] Updater:334 - Updater called before beeing initialized
2024-10-20 19:17:43,221 [ERROR] Updater:1164 - MainUpdater not yet initialized. External WinMGr cannot be set.
2024-10-20 19:17:43,225 [INFO] Updater:1100 - Updater Version found : 6.12.1
2024-10-20 19:17:43,257 [INFO] ApplicationProperties:184 - Using Application install path: C:\ST\STM32CubeIDE_1.11.2\STM32CubeIDE\plugins\com.st.stm32cube.common.mx_6.12.1.202409122256
2024-10-20 19:17:44,566 [INFO] ThirdPartyUpdaterWithRetryManager:70 - Updater plugin not ready yet. [2/15]
2024-10-20 19:17:44,834 [ERROR] LogOutputStream:75 - [STDERR_REDIRECT] Oct 20, 2024 7:17:44 PM java.util.prefs.WindowsPreferences <init>
2024-10-20 19:17:44,836 [ERROR] LogOutputStream:75 - [STDERR_REDIRECT] WARNING: Could not open/create prefs root node Software\JavaSoft\Prefs at root 0xffffffff80000002. Windows RegCreateKeyEx(...) returned error code 5.
2024-10-20 19:17:44,836 [ERROR] LogOutputStream:75 - [STDERR_REDIRECT] 
2024-10-20 19:17:45,319 [INFO] MainUpdater:2873 - connection check result : 10
2024-10-20 19:17:45,320 [INFO] MainUpdater:290 - Updater Check For Update Now.
2024-10-20 19:17:45,320 [INFO] MicroXplorer:498 - Change Database Version : DB.6.0.121
2024-10-20 19:17:45,328 [INFO] McuFinderGlobals:63 - Set McuFinder mode to 2 (CubeIDE integrated)
2024-10-20 19:17:45,328 [INFO] UserAuth:417 - Internet connection configuration mode: 1
2024-10-20 19:17:45,363 [INFO] JxBrowserEngine:152 - Initiate JxBrowser Engine with user profile folder
2024-10-20 19:17:45,525 [INFO] CheckServerUpdateThread:120 - End of CheckServer Thread
2024-10-20 19:17:46,219 [INFO] WebApp:167 - Instantiating new browser for Auth
2024-10-20 19:17:46,978 [INFO] WebApp:448 - Apply proxy settings
2024-10-20 19:17:46,978 [INFO] WebApp:533 - Chromium requires no authentication
2024-10-20 19:17:46,987 [INFO] WebApp:476 - Direct internet connection detected
2024-10-20 19:17:47,011 [INFO] WebApp:869 - Register for checkConnection events
2024-10-20 19:17:47,011 [INFO] WebApp:448 - Apply proxy settings
2024-10-20 19:17:47,011 [INFO] WebApp:533 - Chromium requires no authentication
2024-10-20 19:17:47,011 [INFO] WebApp:476 - Direct internet connection detected
2024-10-20 19:17:47,203 [INFO] WebApp:220 - Starting web application
2024-10-20 19:17:47,203 [INFO] WebApp:578 - Web application path used C:\ST\STM32CubeIDE_1.11.2\STM32CubeIDE\plugins\com.st.stm32cube.common.mx_6.12.1.202409122256\db\plugins\mcufinder\reactClient1\index.html
2024-10-20 19:17:47,367 [INFO] UserAuth:417 - Internet connection configuration mode: 1
2024-10-20 19:17:47,425 [INFO] WebApp:186 - Connection restablished
2024-10-20 19:17:47,912 [WARN] PackLoader:240 - Cannot read IP mode file for STMicroelectronics.FP-SNS-MOTENVWB1.1.4.0
2024-10-20 19:17:47,922 [WARN] PackLoader:240 - Cannot read IP mode file for STMicroelectronics.X-CUBE-SMBUS.2.1.0
2024-10-20 19:17:47,935 [WARN] PackLoader:240 - Cannot read IP mode file for STMicroelectronics.X-CUBE-WB05N.1.1.0
2024-10-20 19:17:47,943 [WARN] PackLoader:240 - Cannot read IP mode file for STMicroelectronics.X-CUBE-TOUCHGFX.4.23.0
2024-10-20 19:17:47,986 [WARN] PackLoader:240 - Cannot read IP mode file for STMicroelectronics.X-CUBE-AZRTOS-F7.1.1.0
2024-10-20 19:17:48,002 [WARN] PackLoader:240 - Cannot read IP mode file for STMicroelectronics.FP-SNS-MOTENV1.4.3.2
2024-10-20 19:17:48,012 [ERROR] RealEvaluatedCondition:428 - Found unsupported composite condition: CLASS='Data Exchange' GROUP='STM32_MetaDataManager'
2024-10-20 19:17:48,012 [ERROR] RealEvaluatedCondition:428 - Found unsupported composite condition: CLASS='Data Exchange' GROUP='STM32_MetaDataManager'
2024-10-20 19:17:48,014 [WARN] PackLoader:240 - Cannot read IP mode file for STMicroelectronics.FP-SNS-MOTENV1.4.3.1
2024-10-20 19:17:48,023 [WARN] PackLoader:240 - Cannot read IP mode file for STMicroelectronics.FP-SNS-FLIGHT1.5.0.1
2024-10-20 19:17:48,115 [WARN] PackLoader:240 - Cannot read IP mode file for STMicroelectronics.X-CUBE-MEMS1.11.0.0
2024-10-20 19:17:48,370 [WARN] PackLoader:240 - Cannot read IP mode file for STMicroelectronics.X-CUBE-BLE1.6.2.4
2024-10-20 19:17:48,373 [WARN] PackLoader:240 - Cannot read IP mode file for STMicroelectronics.FP-SNS-FLIGHT1.5.0.2
2024-10-20 19:17:48,382 [WARN] PackLoader:240 - Cannot read IP mode file for STMicroelectronics.X-CUBE-DISPLAY.3.0.0
2024-10-20 19:17:48,390 [WARN] PackLoader:240 - Cannot read IP mode file for STMicroelectronics.X-CUBE-BLE1.7.0.0
2024-10-20 19:17:48,398 [WARN] PackLoader:240 - Cannot read IP mode file for STMicroelectronics.X-CUBE-NFC10.1.0.0
2024-10-20 19:17:48,406 [WARN] PackLoader:240 - Cannot read IP mode file for STMicroelectronics.X-CUBE-BLEMGR.3.1.0
2024-10-20 19:17:48,413 [WARN] PackLoader:240 - Cannot read IP mode file for STMicroelectronics.FP-SNS-SMARTAG2.1.2.0
2024-10-20 19:17:48,426 [INFO] LogOutputStream:77 - [STDOUT_REDIRECT] 1 : Invalid condition id : UX_CORESTACK_Condition cause : null
2024-10-20 19:17:48,427 [INFO] LogOutputStream:77 - [STDOUT_REDIRECT] 1 : Invalid condition id : UX_CORESTACK_Condition cause : null
2024-10-20 19:17:48,428 [INFO] LogOutputStream:77 - [STDOUT_REDIRECT] 1 : Invalid condition id : UX_CORESTACK_Condition cause : null
2024-10-20 19:17:48,429 [INFO] LogOutputStream:77 - [STDOUT_REDIRECT] 1 : Invalid condition id : UX_CORESTACK_Condition cause : null
2024-10-20 19:17:48,430 [INFO] LogOutputStream:77 - [STDOUT_REDIRECT] 1 : Invalid condition id : UX_CORESTACK_Condition cause : null
2024-10-20 19:17:48,432 [WARN] PackLoader:240 - Cannot read IP mode file for STMicroelectronics.X-CUBE-AZRTOS-WL.2.0.0
2024-10-20 19:17:48,437 [WARN] PackLoader:240 - Cannot read IP mode file for STMicroelectronics.FP-SNS-MOTENV1.5.0.0
2024-10-20 19:17:48,443 [WARN] PackLoader:240 - Cannot read IP mode file for wolfSSL.I-CUBE-wolfMQTT.1.19.0
2024-10-20 19:17:48,452 [WARN] PackLoader:240 - Cannot read IP mode file for WES.I-CUBE-Cesium.1.3.0
2024-10-20 19:17:48,462 [WARN] PackLoader:240 - Cannot read IP mode file for STMicroelectronics.X-CUBE-BLE2.3.3.0
2024-10-20 19:17:48,473 [WARN] PackLoader:240 - Cannot read IP mode file for STMicroelectronics.X-CUBE-TOF1.3.2.0
2024-10-20 19:17:48,484 [WARN] PackLoader:240 - Cannot read IP mode file for STMicroelectronics.X-CUBE-NFC9.1.0.0
2024-10-20 19:17:48,492 [WARN] PackLoader:240 - Cannot read IP mode file for STMicroelectronics.X-CUBE-TCPP.4.1.0
2024-10-20 19:17:48,497 [WARN] PackLoader:240 - Cannot read IP mode file for STMicroelectronics.X-CUBE-TOUCHGFX.4.21.1
2024-10-20 19:17:48,499 [WARN] PackLoader:240 - Cannot read IP mode file for STMicroelectronics.X-CUBE-TOUCHGFX.4.21.3
2024-10-20 19:17:48,502 [WARN] PackLoader:240 - Cannot read IP mode file for STMicroelectronics.X-CUBE-TOUCHGFX.4.21.4
2024-10-20 19:17:48,506 [WARN] PackLoader:240 - Cannot read IP mode file for STMicroelectronics.X-CUBE-ALGOBUILD.1.3.0
2024-10-20 19:17:48,521 [WARN] PackLoader:240 - Cannot read IP mode file for STMicroelectronics.X-CUBE-AZRTOS-G0.1.1.0
2024-10-20 19:17:48,528 [WARN] PackLoader:240 - Cannot read IP mode file for STMicroelectronics.X-CUBE-SAFEA1.1.2.2
2024-10-20 19:17:48,533 [WARN] PackLoader:240 - Cannot read IP mode file for STMicroelectronics.X-CUBE-NFC4.3.0.0
2024-10-20 19:17:48,542 [WARN] PackLoader:240 - Cannot read IP mode file for EmbeddedOffice.I-CUBE-FS-RTOS.1.0.1
2024-10-20 19:17:48,542 [ERROR] ConditionMgr:805 - Attr not supported : Dmpu
2024-10-20 19:17:48,542 [ERROR] ConditionMgr:805 - Attr not supported : Dmpu
2024-10-20 19:17:48,542 [ERROR] ConditionMgr:805 - Attr not supported : Dmpu
2024-10-20 19:17:48,542 [ERROR] ConditionMgr:805 - Attr not supported : Dmpu
2024-10-20 19:17:48,543 [ERROR] ConditionMgr:805 - Attr not supported : Dmpu
2024-10-20 19:17:48,543 [ERROR] ConditionMgr:805 - Attr not supported : Dmpu
2024-10-20 19:17:48,543 [ERROR] ConditionMgr:805 - Attr not supported : Dmpu
2024-10-20 19:17:48,543 [ERROR] ConditionMgr:805 - Attr not supported : Dmpu
2024-10-20 19:17:48,543 [ERROR] ConditionMgr:805 - Attr not supported : Dmpu
2024-10-20 19:17:48,543 [ERROR] ConditionMgr:805 - Attr not supported : Dmpu
2024-10-20 19:17:48,543 [ERROR] ConditionMgr:805 - Attr not supported : Dmpu
2024-10-20 19:17:48,543 [ERROR] ConditionMgr:805 - Attr not supported : Dmpu
2024-10-20 19:17:48,544 [ERROR] ConditionMgr:805 - Attr not supported : Dmpu
2024-10-20 19:17:48,544 [ERROR] ConditionMgr:805 - Attr not supported : Dmpu
2024-10-20 19:17:48,544 [ERROR] ConditionMgr:805 - Attr not supported : Dmpu
2024-10-20 19:17:48,544 [ERROR] ConditionMgr:805 - Attr not supported : Dmpu
2024-10-20 19:17:48,544 [ERROR] ConditionMgr:805 - Attr not supported : Dmpu
2024-10-20 19:17:48,544 [ERROR] ConditionMgr:805 - Attr not supported : Dmpu
2024-10-20 19:17:48,544 [ERROR] ConditionMgr:805 - Attr not supported : Dmpu
2024-10-20 19:17:48,544 [ERROR] ConditionMgr:805 - Attr not supported : Dmpu
2024-10-20 19:17:48,544 [ERROR] ConditionMgr:805 - Attr not supported : Dmpu
2024-10-20 19:17:48,545 [ERROR] ConditionMgr:805 - Attr not supported : Dmpu
2024-10-20 19:17:48,545 [ERROR] ConditionMgr:805 - Attr not supported : Dmpu
2024-10-20 19:17:48,545 [ERROR] ConditionMgr:805 - Attr not supported : Dmpu
2024-10-20 19:17:48,545 [ERROR] ConditionMgr:805 - Attr not supported : Dmpu
2024-10-20 19:17:48,545 [ERROR] ConditionMgr:805 - Attr not supported : Dmpu
2024-10-20 19:17:48,545 [ERROR] ConditionMgr:805 - Attr not supported : Dmpu
2024-10-20 19:17:48,545 [ERROR] ConditionMgr:805 - Attr not supported : Dmpu
2024-10-20 19:17:48,545 [ERROR] ConditionMgr:805 - Attr not supported : Dmpu
2024-10-20 19:17:48,545 [ERROR] ConditionMgr:805 - Attr not supported : Dmpu
2024-10-20 19:17:48,545 [ERROR] ConditionMgr:805 - Attr not supported : Dmpu
2024-10-20 19:17:48,545 [ERROR] ConditionMgr:805 - Attr not supported : Dmpu
2024-10-20 19:17:48,545 [ERROR] ConditionMgr:805 - Attr not supported : Dmpu
2024-10-20 19:17:48,545 [ERROR] ConditionMgr:805 - Attr not supported : Dmpu
2024-10-20 19:17:48,545 [ERROR] ConditionMgr:805 - Attr not supported : Dmpu
2024-10-20 19:17:48,546 [ERROR] ConditionMgr:805 - Attr not supported : Dmpu
2024-10-20 19:17:48,546 [ERROR] ConditionMgr:805 - Attr not supported : Dmpu
2024-10-20 19:17:48,546 [ERROR] ConditionMgr:805 - Attr not supported : Dmpu
2024-10-20 19:17:48,546 [ERROR] ConditionMgr:805 - Attr not supported : Dmpu
2024-10-20 19:17:48,546 [ERROR] ConditionMgr:805 - Attr not supported : Dmpu
2024-10-20 19:17:48,546 [ERROR] ConditionMgr:805 - Attr not supported : Dmpu
2024-10-20 19:17:48,546 [ERROR] ConditionMgr:805 - Attr not supported : Dmpu
2024-10-20 19:17:48,546 [ERROR] ConditionMgr:805 - Attr not supported : Dmpu
2024-10-20 19:17:48,546 [ERROR] ConditionMgr:805 - Attr not supported : Dmpu
2024-10-20 19:17:48,546 [ERROR] ConditionMgr:805 - Attr not supported : Dmpu
2024-10-20 19:17:48,546 [ERROR] ConditionMgr:805 - Attr not supported : Dmpu
2024-10-20 19:17:48,546 [ERROR] ConditionMgr:805 - Attr not supported : Dmpu
2024-10-20 19:17:48,547 [ERROR] ConditionMgr:805 - Attr not supported : Dmpu
2024-10-20 19:17:48,547 [ERROR] ConditionMgr:805 - Attr not supported : Dmpu
2024-10-20 19:17:48,547 [ERROR] ConditionMgr:805 - Attr not supported : Dmpu
2024-10-20 19:17:48,547 [ERROR] ConditionMgr:805 - Attr not supported : Dmpu
2024-10-20 19:17:48,547 [ERROR] ConditionMgr:805 - Attr not supported : Dmpu
2024-10-20 19:17:48,547 [ERROR] ConditionMgr:805 - Attr not supported : Dmpu
2024-10-20 19:17:48,547 [ERROR] ConditionMgr:805 - Attr not supported : Dmpu
2024-10-20 19:17:48,547 [ERROR] ConditionMgr:805 - Attr not supported : Dmpu
2024-10-20 19:17:48,547 [ERROR] ConditionMgr:805 - Attr not supported : Dmpu
2024-10-20 19:17:48,547 [ERROR] ConditionMgr:805 - Attr not supported : Dmpu
2024-10-20 19:17:48,547 [ERROR] ConditionMgr:805 - Attr not supported : Dmpu
2024-10-20 19:17:48,547 [ERROR] ConditionMgr:805 - Attr not supported : Dmpu
2024-10-20 19:17:48,547 [ERROR] ConditionMgr:805 - Attr not supported : Dmpu
2024-10-20 19:17:48,547 [ERROR] ConditionMgr:805 - Attr not supported : Dmpu
2024-10-20 19:17:48,548 [ERROR] ConditionMgr:805 - Attr not supported : Dmpu
2024-10-20 19:17:48,548 [ERROR] ConditionMgr:805 - Attr not supported : Dmpu
2024-10-20 19:17:48,548 [ERROR] ConditionMgr:805 - Attr not supported : Dmpu
2024-10-20 19:17:48,554 [WARN] PackLoader:240 - Cannot read IP mode file for RealThread.X-CUBE-RT-Thread_Nano.4.1.1
2024-10-20 19:17:48,559 [WARN] PackLoader:240 - Cannot read IP mode file for STMicroelectronics.FP-ATR-SIGFOX1.3.2.0
2024-10-20 19:17:48,565 [WARN] PackLoader:240 - Cannot read IP mode file for STMicroelectronics.X-CUBE-EEPRMA1.5.1.0
2024-10-20 19:17:48,607 [WARN] PackLoader:240 - Cannot read IP mode file for STMicroelectronics.X-CUBE-MEMS1.9.5.0
2024-10-20 19:17:48,810 [WARN] PackLoader:240 - Cannot read IP mode file for SEGGER.I-CUBE-embOS.1.3.1
2024-10-20 19:17:48,932 [WARN] PackLoader:240 - Cannot read IP mode file for STMicroelectronics.X-CUBE-ALGOBUILD.1.4.0
2024-10-20 19:17:48,940 [WARN] PackLoader:240 - Cannot read IP mode file for STMicroelectronics.X-CUBE-AI.9.1.0
2024-10-20 19:17:48,950 [WARN] PackLoader:240 - Cannot read IP mode file for STMicroelectronics.X-CUBE-GNSS1.6.0.0
2024-10-20 19:17:48,983 [WARN] PackLoader:240 - Cannot read IP mode file for STMicroelectronics.X-CUBE-AZRTOS-F4.1.1.0
2024-10-20 19:17:48,998 [WARN] PackLoader:240 - Cannot read IP mode file for STMicroelectronics.X-CUBE-ISPU.2.1.0
2024-10-20 19:17:49,008 [WARN] PackLoader:240 - Cannot read IP mode file for STMicroelectronics.X-CUBE-FREERTOS.1.2.0
2024-10-20 19:17:49,040 [WARN] PackLoader:240 - Cannot read IP mode file for STMicroelectronics.X-CUBE-AZRTOS-L5.2.0.0
2024-10-20 19:17:49,118 [WARN] PackLoader:240 - Cannot read IP mode file for STMicroelectronics.X-CUBE-MEMS1.9.6.0
2024-10-20 19:17:49,370 [WARN] PackLoader:240 - Cannot read IP mode file for STMicroelectronics.X-CUBE-NFC6.3.1.0
2024-10-20 19:17:49,383 [WARN] PackLoader:240 - Cannot read IP mode file for ITTIA_DB.I-CUBE-ITTIADB.8.8.0
2024-10-20 19:17:49,391 [WARN] PackLoader:240 - Cannot read IP mode file for emotas.I-CUBE-CANOPEN.1.1.3
2024-10-20 19:17:49,402 [WARN] PackLoader:240 - Cannot read IP mode file for STMicroelectronics.X-CUBE-BLEMGR.2.0.0
2024-10-20 19:17:49,411 [WARN] PackLoader:240 - Cannot read IP mode file for STMicroelectronics.X-CUBE-DPower.1.2.0
2024-10-20 19:17:49,416 [WARN] PackLoader:240 - Cannot read IP mode file for STMicroelectronics.X-CUBE-AI.9.0.0
2024-10-20 19:17:49,443 [WARN] ConditionMgr:438 - getConditionDescription Invalid condition id : UX DEVICE CLASS RTOS Condition cause : null
2024-10-20 19:17:49,443 [WARN] ConditionMgr:438 - getConditionDescription Invalid condition id : UX DEVICE CLASS RTOS Condition cause : null
2024-10-20 19:17:49,452 [WARN] PackLoader:240 - Cannot read IP mode file for STMicroelectronics.X-CUBE-AZRTOS-H7.3.1.0
2024-10-20 19:17:49,454 [WARN] ConditionMgr:1039 - genDependencies : Invalid condition id : UX DEVICE CLASS RTOS Condition cause : null
2024-10-20 19:17:49,455 [WARN] ConditionMgr:1039 - genDependencies : Invalid condition id : UX DEVICE CLASS RTOS Condition cause : null
2024-10-20 19:17:49,455 [WARN] ConditionMgr:1039 - genDependencies : Invalid condition id : UX DEVICE CLASS RTOS Condition cause : null
2024-10-20 19:17:49,456 [WARN] ConditionMgr:1039 - genDependencies : Invalid condition id : UX DEVICE CLASS RTOS Condition cause : null
2024-10-20 19:17:49,456 [WARN] ConditionMgr:1039 - genDependencies : Invalid condition id : UX DEVICE CLASS RTOS Condition cause : null
2024-10-20 19:17:49,463 [WARN] PackLoader:240 - Cannot read IP mode file for wolfSSL.I-CUBE-wolfSSL.5.5.4
2024-10-20 19:17:49,471 [WARN] PackLoader:240 - Cannot read IP mode file for STMicroelectronics.X-CUBE-NFC7.1.0.1
2024-10-20 19:17:49,480 [WARN] PackLoader:240 - Cannot read IP mode file for STMicroelectronics.X-CUBE-NFC7.1.0.0
2024-10-20 19:17:49,486 [WARN] PackLoader:240 - Cannot read IP mode file for wolfSSL.I-CUBE-wolfTPM.3.2.0
2024-10-20 19:17:49,497 [WARN] PackLoader:240 - Cannot read IP mode file for STMicroelectronics.X-CUBE-NFC6.3.0.0
2024-10-20 19:17:49,509 [WARN] PackLoader:240 - Cannot read IP mode file for STMicroelectronics.X-CUBE-EEPRMA1.4.1.0
2024-10-20 19:17:49,515 [WARN] PackLoader:240 - Cannot read IP mode file for STMicroelectronics.X-CUBE-AI.8.1.0
2024-10-20 19:17:49,544 [WARN] ConditionMgr:438 - getConditionDescription Invalid condition id : LAN8742 Phy interface Condition cause : null
2024-10-20 19:17:49,546 [WARN] PackLoader:240 - Cannot read IP mode file for STMicroelectronics.X-CUBE-AZRTOS-L4.2.0.0
2024-10-20 19:17:49,549 [WARN] ConditionMgr:1039 - genDependencies : Invalid condition id : LAN8742 Phy interface Condition cause : null
2024-10-20 19:17:49,550 [WARN] ConditionMgr:1039 - genDependencies : Invalid condition id : LAN8742 Phy interface Condition cause : null
2024-10-20 19:17:49,551 [WARN] ConditionMgr:1039 - genDependencies : Invalid condition id : LAN8742 Phy interface Condition cause : null
2024-10-20 19:17:49,559 [WARN] PackLoader:240 - Cannot read IP mode file for STMicroelectronics.X-CUBE-SFXS2LP1.4.0.0
2024-10-20 19:17:49,592 [WARN] PackLoader:240 - Cannot read IP mode file for STMicroelectronics.X-CUBE-AZRTOS-H7.3.0.0
2024-10-20 19:17:49,598 [WARN] PackLoader:240 - Cannot read IP mode file for STMicroelectronics.X-CUBE-ISPU.1.1.0
2024-10-20 19:17:49,625 [WARN] PackLoader:240 - Cannot read IP mode file for STMicroelectronics.X-CUBE-AZRTOS-H7.3.3.0
2024-10-20 19:17:49,640 [WARN] PackLoader:240 - Cannot read IP mode file for RoweBots.I-CUBE-UNISONRTOS.5.5.0-4
2024-10-20 19:17:49,646 [WARN] PackLoader:240 - Cannot read IP mode file for STMicroelectronics.X-CUBE-AI.8.0.0
2024-10-20 19:17:49,660 [WARN] PackLoader:240 - Cannot read IP mode file for STMicroelectronics.X-CUBE-IPS.3.0.0
2024-10-20 19:17:49,683 [WARN] ConditionMgr:438 - getConditionDescription Invalid condition id : UX DEVICE CLASS RTOS Condition cause : null
2024-10-20 19:17:49,683 [WARN] ConditionMgr:438 - getConditionDescription Invalid condition id : UX DEVICE CLASS RTOS Condition cause : null
2024-10-20 19:17:49,689 [WARN] PackLoader:240 - Cannot read IP mode file for STMicroelectronics.X-CUBE-AZRTOS-WB.2.0.0
2024-10-20 19:17:49,690 [WARN] ConditionMgr:1039 - genDependencies : Invalid condition id : UX DEVICE CLASS RTOS Condition cause : null
2024-10-20 19:17:49,690 [WARN] ConditionMgr:1039 - genDependencies : Invalid condition id : UX DEVICE CLASS RTOS Condition cause : null
2024-10-20 19:17:49,692 [WARN] ConditionMgr:1039 - genDependencies : Invalid condition id : UX DEVICE CLASS RTOS Condition cause : null
2024-10-20 19:17:49,693 [WARN] ConditionMgr:1039 - genDependencies : Invalid condition id : UX DEVICE CLASS RTOS Condition cause : null
2024-10-20 19:17:49,693 [WARN] ConditionMgr:1039 - genDependencies : Invalid condition id : UX DEVICE CLASS RTOS Condition cause : null
2024-10-20 19:17:49,700 [WARN] PackLoader:240 - Cannot read IP mode file for STMicroelectronics.X-CUBE-FREERTOS.1.0.1
2024-10-20 19:17:49,709 [WARN] PackLoader:240 - Cannot read IP mode file for STMicroelectronics.X-CUBE-GNSS1.7.0.0
2024-10-20 19:17:49,722 [WARN] PackLoader:240 - Cannot read IP mode file for STMicroelectronics.FP-SNS-STBOX1.2.0.0
2024-10-20 19:17:49,757 [WARN] PackLoader:240 - Cannot read IP mode file for STMicroelectronics.X-CUBE-AZRTOS-L5.1.1.0
2024-10-20 19:17:49,765 [WARN] PackLoader:240 - Cannot read IP mode file for STMicroelectronics.X-CUBE-AI.8.0.1
2024-10-20 19:17:49,781 [WARN] PackLoader:240 - Cannot read IP mode file for STMicroelectronics.X-CUBE-SUBG2.5.0.0
2024-10-20 19:17:49,798 [WARN] PackLoader:240 - Cannot read IP mode file for Cesanta.I-CUBE-Mongoose.7.13.0
2024-10-20 19:17:49,827 [WARN] PackLoader:240 - Cannot read IP mode file for STMicroelectronics.X-CUBE-AZRTOS-G4.2.0.0
2024-10-20 19:17:49,851 [WARN] PackLoader:240 - Cannot read IP mode file for STMicroelectronics.X-CUBE-TOF1.3.3.0
2024-10-20 19:17:49,875 [WARN] PackLoader:240 - Cannot read IP mode file for STMicroelectronics.FP-ATR-ASTRA1.1.1.1
2024-10-20 19:17:49,912 [WARN] PackLoader:240 - Cannot read IP mode file for Infineon.AIROC-Wi-Fi-Bluetooth-STM32.1.5.1
2024-10-20 19:17:49,920 [WARN] PackLoader:240 - Cannot read IP mode file for STMicroelectronics.FP-SNS-MOTENVWB1.1.3.1
2024-10-20 19:17:49,935 [WARN] PackLoader:240 - Cannot read IP mode file for STMicroelectronics.X-CUBE-AZRTOS-G4.1.0.0
2024-10-20 19:17:49,954 [WARN] PackLoader:240 - Cannot read IP mode file for STMicroelectronics.X-CUBE-AZRTOS-L4.1.0.0
2024-10-20 19:17:49,966 [WARN] PackLoader:240 - Cannot read IP mode file for STMicroelectronics.X-CUBE-ISPU.2.0.0
2024-10-20 19:17:49,974 [WARN] PackLoader:240 - Cannot read IP mode file for STMicroelectronics.X-CUBE-ALS.1.0.2
2024-10-20 19:17:50,023 [WARN] PackLoader:240 - Cannot read IP mode file for STMicroelectronics.X-CUBE-MEMS1.10.0.0
2024-10-20 19:17:50,146 [WARN] PackLoader:240 - Cannot read IP mode file for STMicroelectronics.X-CUBE-FREERTOS.1.1.0
2024-10-20 19:17:50,150 [WARN] PackLoader:240 - Cannot read IP mode file for STMicroelectronics.X-CUBE-TOUCHGFX.4.24.0
2024-10-20 19:17:50,159 [WARN] PackLoader:240 - Cannot read IP mode file for STMicroelectronics.X-CUBE-AZRTOS-WL.1.0.0
2024-10-20 19:17:50,163 [WARN] PackLoader:240 - Cannot read IP mode file for STMicroelectronics.X-CUBE-TOUCHGFX.4.24.1
2024-10-20 19:17:50,168 [WARN] PackLoader:240 - Cannot read IP mode file for portGmbH.I-Cube-SoM-uGOAL.1.1.0
2024-10-20 19:17:50,171 [WARN] PackLoader:240 - Cannot read IP mode file for STMicroelectronics.X-CUBE-ALS.1.0.1
2024-10-20 19:17:50,186 [WARN] PackLoader:240 - Cannot read IP mode file for STMicroelectronics.X-CUBE-AZRTOS-WB.1.1.0
2024-10-20 19:17:50,204 [WARN] PackLoader:240 - Cannot read IP mode file for STMicroelectronics.X-CUBE-AZRTOS-H7RS.1.0.0
2024-10-20 19:17:50,210 [WARN] PackLoader:240 - Cannot read IP mode file for STMicroelectronics.FP-ATR-ASTRA1.2.0.0
2024-10-20 19:17:50,220 [WARN] PackLoader:240 - Cannot read IP mode file for STMicroelectronics.X-CUBE-TOF1.3.4.2
2024-10-20 19:17:50,237 [WARN] PackLoader:240 - Cannot read IP mode file for STMicroelectronics.X-CUBE-TOF1.3.4.0
2024-10-20 19:17:50,269 [WARN] PackLoader:240 - Cannot read IP mode file for STMicroelectronics.X-CUBE-AZRTOS-H7.3.2.0
2024-10-20 19:17:50,277 [WARN] PackLoader:240 - Cannot read IP mode file for wolfSSL.I-CUBE-wolfSSH.1.4.17
2024-10-20 19:17:50,278 [INFO] ThirdParty:978 - Integrity check success = true
2024-10-20 19:17:50,278 [INFO] IntegrityCheckThread:100 - exiting critical section [integrity check]
2024-10-20 19:17:50,278 [INFO] IntegrityCheckThread:103 - End integrity checks thread
2024-10-20 19:23:49,860 [INFO] Activator:176 - 


2024-10-20 19:23:49,863 [INFO] Activator:177 - !SESSION log4j initialized
2024-10-20 19:23:55,551 [INFO] LogOutputStream:77 - [STDOUT_REDIRECT] 
2024-10-20 19:23:56,928 [INFO] ApplicationProperties:184 - Using Application install path: C:\ST\STM32CubeIDE_1.11.2\STM32CubeIDE\plugins\com.st.stm32cube.common.mx_6.12.1.202409122256
2024-10-20 19:23:56,940 [INFO] DbMcusXml:78 - Set database path to: C:\ST\STM32CubeIDE_1.11.2\STM32CubeIDE\plugins\com.st.stm32cube.common.mx_6.12.1.202409122256\\db\/mcu/
2024-10-20 19:23:56,940 [INFO] ApiDb:274 - Set plugin database path to: C:\ST\STM32CubeIDE_1.11.2\STM32CubeIDE\plugins\com.st.stm32cube.common.mx_6.12.1.202409122256\\db\/plugins/boardmanager/
2024-10-20 19:23:56,940 [WARN] ApiDb:259 - Overriding images path with different value:  => C:\ST\STM32CubeIDE_1.11.2\STM32CubeIDE\plugins\com.st.stm32cube.common.mx_6.12.1.202409122256\\db\/plugins/mcufinder/images/
2024-10-20 19:23:56,945 [INFO] ApiDb:250 - Set database path to: C:\Users\diobe\.stmcufinder\plugins\mcufinder//mcu/
2024-10-20 19:23:56,947 [INFO] DbMcusAds:125 - Set database path to: C:\Users\diobe\.stmcufinder\plugins\mcufinder//mcu/
2024-10-20 19:23:56,948 [INFO] CrossReferenceDbSqlite:203 - Set database path to: C:\Users\diobe\.stmcufinder\plugins\mcufinder//mcu/cs/
2024-10-20 19:23:57,046 [INFO] RulesReader:64 - Compatibility file has been processed (297 Rules)
2024-10-20 19:23:57,136 [INFO] DbMcusXml:78 - Set database path to: C:\ST\STM32CubeIDE_1.11.2\STM32CubeIDE\plugins\com.st.stm32cube.common.mx_6.12.1.202409122256\\db\/mcu/
2024-10-20 19:23:57,136 [INFO] ApiDb:274 - Set plugin database path to: C:\ST\STM32CubeIDE_1.11.2\STM32CubeIDE\plugins\com.st.stm32cube.common.mx_6.12.1.202409122256\\db\/plugins/boardmanager/
2024-10-20 19:23:57,136 [INFO] ApiDb:261 - Set plugin images path to: C:\ST\STM32CubeIDE_1.11.2\STM32CubeIDE\plugins\com.st.stm32cube.common.mx_6.12.1.202409122256\\db\/plugins/mcufinder/images/
2024-10-20 19:23:57,136 [WARN] DbFile:41 - Overriding database path with different value: C:\Users\diobe\.stmcufinder\plugins\mcufinder/ => C:\Users\diobe\.stmcufinder\plugins\mcufinder
2024-10-20 19:23:57,136 [INFO] ApiDb:250 - Set database path to: C:\Users\diobe\.stmcufinder\plugins\mcufinder//mcu/
2024-10-20 19:23:57,136 [WARN] DbFile:41 - Overriding database path with different value: C:\Users\diobe\.stmcufinder\plugins\mcufinder/ => C:\Users\diobe\.stmcufinder\plugins\mcufinder
2024-10-20 19:23:57,136 [INFO] DbMcusAds:125 - Set database path to: C:\Users\diobe\.stmcufinder\plugins\mcufinder//mcu/
2024-10-20 19:23:57,137 [WARN] DbFile:41 - Overriding database path with different value: C:\Users\diobe\.stmcufinder\plugins\mcufinder/ => C:\Users\diobe\.stmcufinder\plugins\mcufinder
2024-10-20 19:23:57,137 [WARN] DbFile:41 - Overriding database path with different value: C:\Users\diobe\.stmcufinder\plugins\mcufinder/ => C:\Users\diobe\.stmcufinder\plugins\mcufinder
2024-10-20 19:23:57,137 [INFO] CrossReferenceDbSqlite:203 - Set database path to: C:\Users\diobe\.stmcufinder\plugins\mcufinder//mcu/cs/
2024-10-20 19:23:57,227 [INFO] MainPanel:268 - HeapMemory: 268435456
2024-10-20 19:23:57,313 [INFO] DbMcusXml:78 - Set database path to: C:\ST\STM32CubeIDE_1.11.2\STM32CubeIDE\plugins\com.st.stm32cube.common.mx_6.12.1.202409122256\\db\/mcu/
2024-10-20 19:23:57,313 [INFO] ApiDb:274 - Set plugin database path to: C:\ST\STM32CubeIDE_1.11.2\STM32CubeIDE\plugins\com.st.stm32cube.common.mx_6.12.1.202409122256\\db\/plugins/boardmanager/
2024-10-20 19:23:57,313 [INFO] ApiDb:261 - Set plugin images path to: C:\ST\STM32CubeIDE_1.11.2\STM32CubeIDE\plugins\com.st.stm32cube.common.mx_6.12.1.202409122256\\db\/plugins/mcufinder/images/
2024-10-20 19:23:57,313 [WARN] DbFile:41 - Overriding database path with different value: C:\Users\diobe\.stmcufinder\plugins\mcufinder/ => C:\Users\diobe\.stmcufinder\plugins\mcufinder
2024-10-20 19:23:57,314 [INFO] ApiDb:250 - Set database path to: C:\Users\diobe\.stmcufinder\plugins\mcufinder//mcu/
2024-10-20 19:23:57,314 [WARN] DbFile:41 - Overriding database path with different value: C:\Users\diobe\.stmcufinder\plugins\mcufinder/ => C:\Users\diobe\.stmcufinder\plugins\mcufinder
2024-10-20 19:23:57,314 [INFO] DbMcusAds:125 - Set database path to: C:\Users\diobe\.stmcufinder\plugins\mcufinder//mcu/
2024-10-20 19:23:57,314 [WARN] DbFile:41 - Overriding database path with different value: C:\Users\diobe\.stmcufinder\plugins\mcufinder/ => C:\Users\diobe\.stmcufinder\plugins\mcufinder
2024-10-20 19:23:57,314 [WARN] DbFile:41 - Overriding database path with different value: C:\Users\diobe\.stmcufinder\plugins\mcufinder/ => C:\Users\diobe\.stmcufinder\plugins\mcufinder
2024-10-20 19:23:57,314 [INFO] CrossReferenceDbSqlite:203 - Set database path to: C:\Users\diobe\.stmcufinder\plugins\mcufinder//mcu/cs/
2024-10-20 19:23:57,340 [INFO] ApplicationProperties:184 - Using Application install path: C:\ST\STM32CubeIDE_1.11.2\STM32CubeIDE\plugins\com.st.stm32cube.common.mx_6.12.1.202409122256
2024-10-20 19:23:57,341 [INFO] PluginManage:196 - Search for loadable plugins [exclusion list=, ]
2024-10-20 19:23:57,342 [INFO] PluginManage:310 - Check plugin analytics
2024-10-20 19:23:57,535 [INFO] AnalyticsPlugin:253 - Accepted Software Licenses: 
2024-10-20 19:23:57,535 [INFO] AnalyticsPlugin:255 - Accepted CMSIS Pack Licenses: 
2024-10-20 19:23:57,535 [INFO] AnalyticsPlugin:257 - Accepted Firmware Licenses: 
2024-10-20 19:23:57,538 [INFO] PluginManage:359 - Loaded plugin analytics (category:tool,tabindex:-1)
2024-10-20 19:23:57,539 [INFO] PluginManage:310 - Check plugin cadmodel
2024-10-20 19:23:57,544 [INFO] CADModel:105 - Init CAD model plugin
2024-10-20 19:23:57,544 [INFO] PluginManage:359 - Loaded plugin cadmodel (category:power,tabindex:5)
2024-10-20 19:23:57,544 [INFO] PluginManage:310 - Check plugin clock
2024-10-20 19:23:57,559 [INFO] PluginManage:359 - Loaded plugin clock (category:base,tabindex:2)
2024-10-20 19:23:57,559 [INFO] PluginManage:310 - Check plugin ddr
2024-10-20 19:23:57,562 [INFO] PluginManage:359 - Loaded plugin ddr (category:tool,tabindex:6)
2024-10-20 19:23:57,562 [INFO] PluginManage:310 - Check plugin filemanager
2024-10-20 19:23:57,714 [INFO] PluginManage:359 - Loaded plugin filemanager (category:base,tabindex:10)
2024-10-20 19:23:57,714 [INFO] PluginManage:310 - Check plugin ipmanager
2024-10-20 19:23:57,724 [INFO] PluginManage:359 - Loaded plugin ipmanager (category:base,tabindex:5)
2024-10-20 19:23:57,724 [INFO] PluginManage:310 - Check plugin lpbam
2024-10-20 19:23:57,732 [INFO] PluginManage:359 - Loaded plugin lpbam (category:base,tabindex:0)
2024-10-20 19:23:57,733 [INFO] PluginManage:310 - Check plugin memorymap
2024-10-20 19:23:57,744 [INFO] PluginManage:359 - Loaded plugin memorymap (category:base,tabindex:4)
2024-10-20 19:23:57,744 [INFO] PluginManage:310 - Check plugin pinoutandconfiguration
2024-10-20 19:23:57,750 [INFO] PluginManage:359 - Loaded plugin pinoutandconfiguration (category:base,tabindex:1)
2024-10-20 19:23:57,750 [INFO] PluginManage:310 - Check plugin pinoutconfig
2024-10-20 19:23:57,826 [WARN] SupportedApi:132 - Cannot load RTOS API schema: s4s-elt-must-match.1: The content of 'definitions' must match (annotation?, (simpleType | complexType)?, (unique | key | keyref)*)). A problem was found starting at: attribute.
2024-10-20 19:23:57,955 [INFO] PluginManage:359 - Loaded plugin pinoutconfig (category:base,tabindex:0)
2024-10-20 19:23:57,955 [INFO] PluginManage:310 - Check plugin power
2024-10-20 19:23:57,968 [INFO] PluginManage:359 - Loaded plugin power (category:power,tabindex:4)
2024-10-20 19:23:57,968 [INFO] PluginManage:310 - Check plugin projectmanager
2024-10-20 19:23:57,984 [INFO] PluginManage:359 - Loaded plugin projectmanager (category:projectmanager,tabindex:4)
2024-10-20 19:23:57,984 [INFO] PluginManage:310 - Check plugin rif
2024-10-20 19:23:57,991 [INFO] PluginManage:359 - Loaded plugin rif (category:base,tabindex:3)
2024-10-20 19:23:57,991 [INFO] PluginManage:310 - Check plugin thirdparty
2024-10-20 19:23:58,148 [WARN] IntegrityCheckThread:84 - waiting for thirdparty lock release [integrity check]
2024-10-20 19:23:58,148 [INFO] IntegrityCheckThread:86 - entering critical section [integrity check]
2024-10-20 19:23:58,148 [INFO] PluginManage:359 - Loaded plugin thirdparty (category:base,tabindex:-1)
2024-10-20 19:23:58,148 [INFO] PluginManage:310 - Check plugin tools
2024-10-20 19:23:58,150 [INFO] ThirdPartyUpdaterWithRetryManager:70 - Updater plugin not ready yet. [1/15]
2024-10-20 19:23:58,152 [INFO] PluginManage:359 - Loaded plugin tools (category:base,tabindex:7)
2024-10-20 19:23:58,153 [INFO] PluginManage:310 - Check plugin tutovideos
2024-10-20 19:23:58,325 [INFO] PluginManage:359 - Loaded plugin tutovideos (category:base,tabindex:-1)
2024-10-20 19:23:58,403 [INFO] PluginManage:310 - Check plugin updater
2024-10-20 19:23:58,418 [INFO] PluginManage:359 - Loaded plugin updater (category:base,tabindex:12)
2024-10-20 19:23:58,418 [INFO] PluginManage:310 - Check plugin userauth
2024-10-20 19:23:58,422 [INFO] UserAuth:113 - Init User Auth plugin
2024-10-20 19:23:58,423 [INFO] PluginManage:359 - Loaded plugin userauth (category:base,tabindex:14)
2024-10-20 19:23:58,423 [INFO] PluginManage:283 - PluginManage : Loaded plugins [18]
2024-10-20 19:23:58,677 [INFO] PinOutPanel:1561 - setPackage(No Configuration,No Configuration)
2024-10-20 19:23:58,776 [INFO] CADModel:165 - CPN selected for project level
2024-10-20 19:23:58,776 [INFO] CADModel:114 - Register for checkConnection events
2024-10-20 19:23:58,790 [INFO] IPUIPlugin:80 - create IPUIPlugin
2024-10-20 19:23:58,790 [INFO] PluginManager:220 - loadIPPluginJar : add adc
2024-10-20 19:23:58,792 [INFO] IPUIPlugin:80 - create IPUIPlugin
2024-10-20 19:23:58,792 [INFO] PluginManager:220 - loadIPPluginJar : add aes
2024-10-20 19:23:58,794 [INFO] IPUIPlugin:80 - create IPUIPlugin
2024-10-20 19:23:58,794 [INFO] PluginManager:220 - loadIPPluginJar : add can
2024-10-20 19:23:58,795 [INFO] IPUIPlugin:80 - create IPUIPlugin
2024-10-20 19:23:58,795 [INFO] PluginManager:220 - loadIPPluginJar : add comp
2024-10-20 19:23:58,796 [INFO] IPUIPlugin:80 - create IPUIPlugin
2024-10-20 19:23:58,797 [INFO] PluginManager:220 - loadIPPluginJar : add cryp
2024-10-20 19:23:58,798 [INFO] IPUIPlugin:80 - create IPUIPlugin
2024-10-20 19:23:58,799 [INFO] PluginManager:220 - loadIPPluginJar : add ddr_ctrl_phy
2024-10-20 19:23:58,801 [INFO] IPUIPlugin:80 - create IPUIPlugin
2024-10-20 19:23:58,801 [INFO] PluginManager:220 - loadIPPluginJar : add dfsdm
2024-10-20 19:23:58,805 [INFO] IPUIPlugin:80 - create IPUIPlugin
2024-10-20 19:23:58,805 [INFO] PluginManager:220 - loadIPPluginJar : add dma
2024-10-20 19:23:58,807 [INFO] IPUIPlugin:80 - create IPUIPlugin
2024-10-20 19:23:58,807 [INFO] PluginManager:220 - loadIPPluginJar : add dma3
2024-10-20 19:23:58,809 [INFO] IPUIPlugin:80 - create IPUIPlugin
2024-10-20 19:23:58,809 [INFO] PluginManager:220 - loadIPPluginJar : add extmemmanager
2024-10-20 19:23:58,810 [INFO] IPUIPlugin:80 - create IPUIPlugin
2024-10-20 19:23:58,810 [INFO] PluginManager:220 - loadIPPluginJar : add fatfs
2024-10-20 19:23:58,813 [INFO] IPUIPlugin:80 - create IPUIPlugin
2024-10-20 19:23:58,814 [INFO] PluginManager:220 - loadIPPluginJar : add fmc
2024-10-20 19:23:58,819 [INFO] IPUIPlugin:80 - create IPUIPlugin
2024-10-20 19:23:58,819 [INFO] PluginManager:220 - loadIPPluginJar : add freertos
2024-10-20 19:23:58,820 [INFO] IPUIPlugin:80 - create IPUIPlugin
2024-10-20 19:23:58,820 [INFO] PluginManager:220 - loadIPPluginJar : add genericplugin
2024-10-20 19:23:58,822 [INFO] IPUIPlugin:80 - create IPUIPlugin
2024-10-20 19:23:58,822 [INFO] PluginManager:220 - loadIPPluginJar : add gfxmmu
2024-10-20 19:23:58,826 [INFO] IPUIPlugin:80 - create IPUIPlugin
2024-10-20 19:23:58,826 [INFO] PluginManager:220 - loadIPPluginJar : add gic
2024-10-20 19:23:58,829 [INFO] IPUIPlugin:80 - create IPUIPlugin
2024-10-20 19:23:58,829 [INFO] PluginManager:220 - loadIPPluginJar : add gpio
2024-10-20 19:23:58,830 [INFO] IPUIPlugin:80 - create IPUIPlugin
2024-10-20 19:23:58,831 [INFO] PluginManager:220 - loadIPPluginJar : add gtzc
2024-10-20 19:23:58,832 [INFO] IPUIPlugin:80 - create IPUIPlugin
2024-10-20 19:23:58,832 [INFO] PluginManager:220 - loadIPPluginJar : add hash
2024-10-20 19:23:58,836 [INFO] IPUIPlugin:80 - create IPUIPlugin
2024-10-20 19:23:58,836 [INFO] PluginManager:220 - loadIPPluginJar : add i2c
2024-10-20 19:23:58,838 [INFO] IPUIPlugin:80 - create IPUIPlugin
2024-10-20 19:23:58,838 [INFO] PluginManager:220 - loadIPPluginJar : add i2s
2024-10-20 19:23:58,841 [INFO] IPUIPlugin:80 - create IPUIPlugin
2024-10-20 19:23:58,841 [INFO] PluginManager:220 - loadIPPluginJar : add i3c
2024-10-20 19:23:58,844 [INFO] IPUIPlugin:80 - create IPUIPlugin
2024-10-20 19:23:58,844 [INFO] PluginManager:220 - loadIPPluginJar : add ipddr
2024-10-20 19:23:58,851 [INFO] IPUIPlugin:80 - create IPUIPlugin
2024-10-20 19:23:58,851 [INFO] PluginManager:220 - loadIPPluginJar : add linkedlist
2024-10-20 19:23:58,854 [INFO] IPUIPlugin:80 - create IPUIPlugin
2024-10-20 19:23:58,854 [INFO] PluginManager:220 - loadIPPluginJar : add lorawan
2024-10-20 19:23:58,855 [INFO] IPUIPlugin:80 - create IPUIPlugin
2024-10-20 19:23:58,855 [INFO] PluginManager:220 - loadIPPluginJar : add ltdc
2024-10-20 19:23:58,859 [INFO] IPUIPlugin:80 - create IPUIPlugin
2024-10-20 19:23:58,859 [INFO] PluginManager:220 - loadIPPluginJar : add mdma
2024-10-20 19:23:58,862 [INFO] IPUIPlugin:80 - create IPUIPlugin
2024-10-20 19:23:58,862 [INFO] PluginManager:220 - loadIPPluginJar : add nvic
2024-10-20 19:23:58,864 [INFO] IPUIPlugin:80 - create IPUIPlugin
2024-10-20 19:23:58,864 [INFO] PluginManager:220 - loadIPPluginJar : add opamp
2024-10-20 19:23:58,866 [INFO] IPUIPlugin:80 - create IPUIPlugin
2024-10-20 19:23:58,867 [INFO] PluginManager:220 - loadIPPluginJar : add openamp
2024-10-20 19:23:58,869 [INFO] IPUIPlugin:80 - create IPUIPlugin
2024-10-20 19:23:58,869 [INFO] PluginManager:220 - loadIPPluginJar : add pdm2pcm
2024-10-20 19:23:58,873 [INFO] IPUIPlugin:80 - create IPUIPlugin
2024-10-20 19:23:58,875 [INFO] PluginManager:220 - loadIPPluginJar : add plateformsettings
2024-10-20 19:23:58,877 [INFO] IPUIPlugin:80 - create IPUIPlugin
2024-10-20 19:23:58,877 [INFO] PluginManager:220 - loadIPPluginJar : add quadspi
2024-10-20 19:23:58,878 [INFO] IPUIPlugin:80 - create IPUIPlugin
2024-10-20 19:23:58,880 [INFO] PluginManager:220 - loadIPPluginJar : add radio
2024-10-20 19:23:58,882 [INFO] IPUIPlugin:80 - create IPUIPlugin
2024-10-20 19:23:58,882 [INFO] PluginManager:220 - loadIPPluginJar : add resmgrutility
2024-10-20 19:23:58,885 [INFO] IPUIPlugin:80 - create IPUIPlugin
2024-10-20 19:23:58,885 [INFO] PluginManager:220 - loadIPPluginJar : add sai
2024-10-20 19:23:58,888 [INFO] IPUIPlugin:80 - create IPUIPlugin
2024-10-20 19:23:58,888 [INFO] PluginManager:220 - loadIPPluginJar : add spi
2024-10-20 19:23:58,894 [INFO] IPUIPlugin:80 - create IPUIPlugin
2024-10-20 19:23:58,894 [INFO] PluginManager:220 - loadIPPluginJar : add stm32_wpan
2024-10-20 19:23:58,896 [INFO] IPUIPlugin:80 - create IPUIPlugin
2024-10-20 19:23:58,896 [INFO] PluginManager:220 - loadIPPluginJar : add tim
2024-10-20 19:23:58,898 [INFO] IPUIPlugin:80 - create IPUIPlugin
2024-10-20 19:23:58,899 [INFO] PluginManager:220 - loadIPPluginJar : add touchsensing
2024-10-20 19:23:58,900 [INFO] IPUIPlugin:80 - create IPUIPlugin
2024-10-20 19:23:58,901 [INFO] PluginManager:220 - loadIPPluginJar : add tracer_emb
2024-10-20 19:23:58,902 [INFO] IPUIPlugin:80 - create IPUIPlugin
2024-10-20 19:23:58,902 [INFO] PluginManager:220 - loadIPPluginJar : add ts
2024-10-20 19:23:58,903 [INFO] IPUIPlugin:80 - create IPUIPlugin
2024-10-20 19:23:58,903 [INFO] PluginManager:220 - loadIPPluginJar : add tsc
2024-10-20 19:23:58,905 [INFO] IPUIPlugin:80 - create IPUIPlugin
2024-10-20 19:23:58,905 [INFO] PluginManager:220 - loadIPPluginJar : add ucpd
2024-10-20 19:23:58,907 [INFO] IPUIPlugin:80 - create IPUIPlugin
2024-10-20 19:23:58,907 [INFO] PluginManager:220 - loadIPPluginJar : add usart
2024-10-20 19:23:58,911 [INFO] IPUIPlugin:80 - create IPUIPlugin
2024-10-20 19:23:58,911 [INFO] PluginManager:220 - loadIPPluginJar : add usbx
2024-10-20 19:23:59,051 [INFO] CADModel:165 - CPN selected for project level
2024-10-20 19:23:59,051 [INFO] CADModel:114 - Register for checkConnection events
2024-10-20 19:23:59,051 [FATAL] Updater:334 - Updater called before beeing initialized
2024-10-20 19:23:59,052 [ERROR] CADModel:125 - Updater not yet initialized, retry later 
2024-10-20 19:23:59,177 [INFO] CADModel:165 - CPN selected for project level
2024-10-20 19:23:59,177 [INFO] CADModel:114 - Register for checkConnection events
2024-10-20 19:23:59,177 [FATAL] Updater:334 - Updater called before beeing initialized
2024-10-20 19:23:59,177 [ERROR] CADModel:125 - Updater not yet initialized, retry later 
2024-10-20 19:23:59,180 [FATAL] Updater:334 - Updater called before beeing initialized
2024-10-20 19:23:59,326 [FATAL] Updater:334 - Updater called before beeing initialized
2024-10-20 19:23:59,334 [INFO] DbMcusAds:53 - JSON generation date=Fri Sep 20 07:04:38 CST 2024 (1726837478367)
2024-10-20 19:23:59,334 [FATAL] Updater:334 - Updater called before beeing initialized
2024-10-20 19:23:59,382 [WARN] DetailPanel:346 - Failed to get advertising image, set to default
2024-10-20 19:23:59,515 [FATAL] Updater:334 - Updater called before beeing initialized
2024-10-20 19:23:59,517 [FATAL] Updater:334 - Updater called before beeing initialized
2024-10-20 19:23:59,517 [FATAL] Updater:334 - Updater called before beeing initialized
2024-10-20 19:23:59,517 [WARN] DetailPanel:346 - Failed to get advertising image, set to default
2024-10-20 19:23:59,518 [FATAL] Updater:334 - Updater called before beeing initialized
2024-10-20 19:23:59,600 [ERROR] Updater:1164 - MainUpdater not yet initialized. External WinMGr cannot be set.
2024-10-20 19:23:59,603 [INFO] Updater:1100 - Updater Version found : 6.12.1
2024-10-20 19:23:59,621 [INFO] ApplicationProperties:184 - Using Application install path: C:\ST\STM32CubeIDE_1.11.2\STM32CubeIDE\plugins\com.st.stm32cube.common.mx_6.12.1.202409122256
2024-10-20 19:24:01,150 [INFO] ThirdPartyUpdaterWithRetryManager:70 - Updater plugin not ready yet. [2/15]
2024-10-20 19:24:01,192 [ERROR] LogOutputStream:75 - [STDERR_REDIRECT] Oct 20, 2024 7:24:01 PM java.util.prefs.WindowsPreferences <init>
2024-10-20 19:24:01,194 [ERROR] LogOutputStream:75 - [STDERR_REDIRECT] WARNING: Could not open/create prefs root node Software\JavaSoft\Prefs at root 0xffffffff80000002. Windows RegCreateKeyEx(...) returned error code 5.
2024-10-20 19:24:01,194 [ERROR] LogOutputStream:75 - [STDERR_REDIRECT] 
2024-10-20 19:24:01,844 [INFO] MainUpdater:2873 - connection check result : 10
2024-10-20 19:24:01,844 [INFO] MainUpdater:290 - Updater Check For Update Now.
2024-10-20 19:24:01,844 [INFO] MicroXplorer:498 - Change Database Version : DB.6.0.121
2024-10-20 19:24:01,851 [INFO] McuFinderGlobals:63 - Set McuFinder mode to 2 (CubeIDE integrated)
2024-10-20 19:24:01,851 [INFO] UserAuth:417 - Internet connection configuration mode: 1
2024-10-20 19:24:01,872 [INFO] JxBrowserEngine:152 - Initiate JxBrowser Engine with user profile folder
2024-10-20 19:24:02,035 [INFO] CheckServerUpdateThread:120 - End of CheckServer Thread
2024-10-20 19:24:02,522 [INFO] WebApp:167 - Instantiating new browser for Auth
2024-10-20 19:24:04,414 [WARN] PackLoader:240 - Cannot read IP mode file for STMicroelectronics.FP-SNS-MOTENVWB1.1.4.0
2024-10-20 19:24:04,609 [WARN] PackLoader:240 - Cannot read IP mode file for STMicroelectronics.X-CUBE-SMBUS.2.1.0
2024-10-20 19:24:04,621 [WARN] PackLoader:240 - Cannot read IP mode file for STMicroelectronics.X-CUBE-WB05N.1.1.0
2024-10-20 19:24:04,628 [WARN] PackLoader:240 - Cannot read IP mode file for STMicroelectronics.X-CUBE-TOUCHGFX.4.23.0
2024-10-20 19:24:04,661 [WARN] PackLoader:240 - Cannot read IP mode file for STMicroelectronics.X-CUBE-AZRTOS-F7.1.1.0
2024-10-20 19:24:04,785 [WARN] PackLoader:240 - Cannot read IP mode file for STMicroelectronics.FP-SNS-MOTENV1.4.3.2
2024-10-20 19:24:04,792 [ERROR] RealEvaluatedCondition:428 - Found unsupported composite condition: CLASS='Data Exchange' GROUP='STM32_MetaDataManager'
2024-10-20 19:24:04,792 [ERROR] RealEvaluatedCondition:428 - Found unsupported composite condition: CLASS='Data Exchange' GROUP='STM32_MetaDataManager'
2024-10-20 19:24:04,799 [WARN] PackLoader:240 - Cannot read IP mode file for STMicroelectronics.FP-SNS-MOTENV1.4.3.1
2024-10-20 19:24:04,809 [WARN] PackLoader:240 - Cannot read IP mode file for STMicroelectronics.FP-SNS-FLIGHT1.5.0.1
2024-10-20 19:24:04,887 [WARN] PackLoader:240 - Cannot read IP mode file for STMicroelectronics.X-CUBE-MEMS1.11.0.0
2024-10-20 19:24:05,095 [WARN] PackLoader:240 - Cannot read IP mode file for STMicroelectronics.X-CUBE-BLE1.6.2.4
2024-10-20 19:24:05,101 [WARN] PackLoader:240 - Cannot read IP mode file for STMicroelectronics.FP-SNS-FLIGHT1.5.0.2
2024-10-20 19:24:05,109 [WARN] PackLoader:240 - Cannot read IP mode file for STMicroelectronics.X-CUBE-DISPLAY.3.0.0
2024-10-20 19:24:05,117 [WARN] PackLoader:240 - Cannot read IP mode file for STMicroelectronics.X-CUBE-BLE1.7.0.0
2024-10-20 19:24:05,125 [WARN] PackLoader:240 - Cannot read IP mode file for STMicroelectronics.X-CUBE-NFC10.1.0.0
2024-10-20 19:24:05,139 [WARN] PackLoader:240 - Cannot read IP mode file for STMicroelectronics.X-CUBE-BLEMGR.3.1.0
2024-10-20 19:24:05,148 [WARN] PackLoader:240 - Cannot read IP mode file for STMicroelectronics.FP-SNS-SMARTAG2.1.2.0
2024-10-20 19:24:05,162 [INFO] LogOutputStream:77 - [STDOUT_REDIRECT] 1 : Invalid condition id : UX_CORESTACK_Condition cause : null
2024-10-20 19:24:05,163 [INFO] LogOutputStream:77 - [STDOUT_REDIRECT] 1 : Invalid condition id : UX_CORESTACK_Condition cause : null
2024-10-20 19:24:05,165 [INFO] LogOutputStream:77 - [STDOUT_REDIRECT] 1 : Invalid condition id : UX_CORESTACK_Condition cause : null
2024-10-20 19:24:05,168 [INFO] LogOutputStream:77 - [STDOUT_REDIRECT] 1 : Invalid condition id : UX_CORESTACK_Condition cause : null
2024-10-20 19:24:05,170 [INFO] LogOutputStream:77 - [STDOUT_REDIRECT] 1 : Invalid condition id : UX_CORESTACK_Condition cause : null
2024-10-20 19:24:05,175 [WARN] PackLoader:240 - Cannot read IP mode file for STMicroelectronics.X-CUBE-AZRTOS-WL.2.0.0
2024-10-20 19:24:05,183 [WARN] PackLoader:240 - Cannot read IP mode file for STMicroelectronics.FP-SNS-MOTENV1.5.0.0
2024-10-20 19:24:05,190 [WARN] PackLoader:240 - Cannot read IP mode file for wolfSSL.I-CUBE-wolfMQTT.1.19.0
2024-10-20 19:24:05,200 [WARN] PackLoader:240 - Cannot read IP mode file for WES.I-CUBE-Cesium.1.3.0
2024-10-20 19:24:05,207 [WARN] PackLoader:240 - Cannot read IP mode file for STMicroelectronics.X-CUBE-BLE2.3.3.0
2024-10-20 19:24:05,223 [WARN] PackLoader:240 - Cannot read IP mode file for STMicroelectronics.X-CUBE-TOF1.3.2.0
2024-10-20 19:24:05,249 [WARN] PackLoader:240 - Cannot read IP mode file for STMicroelectronics.X-CUBE-NFC9.1.0.0
2024-10-20 19:24:05,290 [WARN] PackLoader:240 - Cannot read IP mode file for STMicroelectronics.X-CUBE-TCPP.4.1.0
2024-10-20 19:24:05,297 [WARN] PackLoader:240 - Cannot read IP mode file for STMicroelectronics.X-CUBE-TOUCHGFX.4.21.1
2024-10-20 19:24:05,301 [WARN] PackLoader:240 - Cannot read IP mode file for STMicroelectronics.X-CUBE-TOUCHGFX.4.21.3
2024-10-20 19:24:05,305 [WARN] PackLoader:240 - Cannot read IP mode file for STMicroelectronics.X-CUBE-TOUCHGFX.4.21.4
2024-10-20 19:24:05,314 [WARN] PackLoader:240 - Cannot read IP mode file for STMicroelectronics.X-CUBE-ALGOBUILD.1.3.0
2024-10-20 19:24:05,336 [WARN] PackLoader:240 - Cannot read IP mode file for STMicroelectronics.X-CUBE-AZRTOS-G0.1.1.0
2024-10-20 19:24:05,346 [WARN] PackLoader:240 - Cannot read IP mode file for STMicroelectronics.X-CUBE-SAFEA1.1.2.2
2024-10-20 19:24:05,355 [WARN] PackLoader:240 - Cannot read IP mode file for STMicroelectronics.X-CUBE-NFC4.3.0.0
2024-10-20 19:24:05,370 [WARN] PackLoader:240 - Cannot read IP mode file for EmbeddedOffice.I-CUBE-FS-RTOS.1.0.1
2024-10-20 19:24:05,370 [ERROR] ConditionMgr:805 - Attr not supported : Dmpu
2024-10-20 19:24:05,370 [ERROR] ConditionMgr:805 - Attr not supported : Dmpu
2024-10-20 19:24:05,370 [ERROR] ConditionMgr:805 - Attr not supported : Dmpu
2024-10-20 19:24:05,370 [ERROR] ConditionMgr:805 - Attr not supported : Dmpu
2024-10-20 19:24:05,371 [ERROR] ConditionMgr:805 - Attr not supported : Dmpu
2024-10-20 19:24:05,371 [ERROR] ConditionMgr:805 - Attr not supported : Dmpu
2024-10-20 19:24:05,371 [ERROR] ConditionMgr:805 - Attr not supported : Dmpu
2024-10-20 19:24:05,371 [ERROR] ConditionMgr:805 - Attr not supported : Dmpu
2024-10-20 19:24:05,371 [ERROR] ConditionMgr:805 - Attr not supported : Dmpu
2024-10-20 19:24:05,371 [ERROR] ConditionMgr:805 - Attr not supported : Dmpu
2024-10-20 19:24:05,371 [ERROR] ConditionMgr:805 - Attr not supported : Dmpu
2024-10-20 19:24:05,371 [ERROR] ConditionMgr:805 - Attr not supported : Dmpu
2024-10-20 19:24:05,372 [ERROR] ConditionMgr:805 - Attr not supported : Dmpu
2024-10-20 19:24:05,372 [ERROR] ConditionMgr:805 - Attr not supported : Dmpu
2024-10-20 19:24:05,372 [ERROR] ConditionMgr:805 - Attr not supported : Dmpu
2024-10-20 19:24:05,372 [ERROR] ConditionMgr:805 - Attr not supported : Dmpu
2024-10-20 19:24:05,372 [ERROR] ConditionMgr:805 - Attr not supported : Dmpu
2024-10-20 19:24:05,372 [ERROR] ConditionMgr:805 - Attr not supported : Dmpu
2024-10-20 19:24:05,372 [ERROR] ConditionMgr:805 - Attr not supported : Dmpu
2024-10-20 19:24:05,373 [ERROR] ConditionMgr:805 - Attr not supported : Dmpu
2024-10-20 19:24:05,373 [ERROR] ConditionMgr:805 - Attr not supported : Dmpu
2024-10-20 19:24:05,373 [ERROR] ConditionMgr:805 - Attr not supported : Dmpu
2024-10-20 19:24:05,373 [ERROR] ConditionMgr:805 - Attr not supported : Dmpu
2024-10-20 19:24:05,373 [ERROR] ConditionMgr:805 - Attr not supported : Dmpu
2024-10-20 19:24:05,373 [ERROR] ConditionMgr:805 - Attr not supported : Dmpu
2024-10-20 19:24:05,373 [ERROR] ConditionMgr:805 - Attr not supported : Dmpu
2024-10-20 19:24:05,373 [ERROR] ConditionMgr:805 - Attr not supported : Dmpu
2024-10-20 19:24:05,374 [ERROR] ConditionMgr:805 - Attr not supported : Dmpu
2024-10-20 19:24:05,374 [ERROR] ConditionMgr:805 - Attr not supported : Dmpu
2024-10-20 19:24:05,374 [ERROR] ConditionMgr:805 - Attr not supported : Dmpu
2024-10-20 19:24:05,374 [ERROR] ConditionMgr:805 - Attr not supported : Dmpu
2024-10-20 19:24:05,374 [ERROR] ConditionMgr:805 - Attr not supported : Dmpu
2024-10-20 19:24:05,374 [ERROR] ConditionMgr:805 - Attr not supported : Dmpu
2024-10-20 19:24:05,374 [ERROR] ConditionMgr:805 - Attr not supported : Dmpu
2024-10-20 19:24:05,374 [ERROR] ConditionMgr:805 - Attr not supported : Dmpu
2024-10-20 19:24:05,374 [ERROR] ConditionMgr:805 - Attr not supported : Dmpu
2024-10-20 19:24:05,375 [ERROR] ConditionMgr:805 - Attr not supported : Dmpu
2024-10-20 19:24:05,375 [ERROR] ConditionMgr:805 - Attr not supported : Dmpu
2024-10-20 19:24:05,375 [ERROR] ConditionMgr:805 - Attr not supported : Dmpu
2024-10-20 19:24:05,375 [ERROR] ConditionMgr:805 - Attr not supported : Dmpu
2024-10-20 19:24:05,375 [ERROR] ConditionMgr:805 - Attr not supported : Dmpu
2024-10-20 19:24:05,375 [ERROR] ConditionMgr:805 - Attr not supported : Dmpu
2024-10-20 19:24:05,375 [ERROR] ConditionMgr:805 - Attr not supported : Dmpu
2024-10-20 19:24:05,376 [ERROR] ConditionMgr:805 - Attr not supported : Dmpu
2024-10-20 19:24:05,376 [ERROR] ConditionMgr:805 - Attr not supported : Dmpu
2024-10-20 19:24:05,376 [ERROR] ConditionMgr:805 - Attr not supported : Dmpu
2024-10-20 19:24:05,376 [ERROR] ConditionMgr:805 - Attr not supported : Dmpu
2024-10-20 19:24:05,376 [ERROR] ConditionMgr:805 - Attr not supported : Dmpu
2024-10-20 19:24:05,376 [ERROR] ConditionMgr:805 - Attr not supported : Dmpu
2024-10-20 19:24:05,376 [ERROR] ConditionMgr:805 - Attr not supported : Dmpu
2024-10-20 19:24:05,376 [ERROR] ConditionMgr:805 - Attr not supported : Dmpu
2024-10-20 19:24:05,377 [ERROR] ConditionMgr:805 - Attr not supported : Dmpu
2024-10-20 19:24:05,377 [ERROR] ConditionMgr:805 - Attr not supported : Dmpu
2024-10-20 19:24:05,377 [ERROR] ConditionMgr:805 - Attr not supported : Dmpu
2024-10-20 19:24:05,377 [ERROR] ConditionMgr:805 - Attr not supported : Dmpu
2024-10-20 19:24:05,377 [ERROR] ConditionMgr:805 - Attr not supported : Dmpu
2024-10-20 19:24:05,377 [ERROR] ConditionMgr:805 - Attr not supported : Dmpu
2024-10-20 19:24:05,377 [ERROR] ConditionMgr:805 - Attr not supported : Dmpu
2024-10-20 19:24:05,377 [ERROR] ConditionMgr:805 - Attr not supported : Dmpu
2024-10-20 19:24:05,378 [ERROR] ConditionMgr:805 - Attr not supported : Dmpu
2024-10-20 19:24:05,378 [ERROR] ConditionMgr:805 - Attr not supported : Dmpu
2024-10-20 19:24:05,378 [ERROR] ConditionMgr:805 - Attr not supported : Dmpu
2024-10-20 19:24:05,378 [ERROR] ConditionMgr:805 - Attr not supported : Dmpu
2024-10-20 19:24:05,378 [ERROR] ConditionMgr:805 - Attr not supported : Dmpu
2024-10-20 19:24:05,386 [WARN] PackLoader:240 - Cannot read IP mode file for RealThread.X-CUBE-RT-Thread_Nano.4.1.1
2024-10-20 19:24:05,392 [WARN] PackLoader:240 - Cannot read IP mode file for STMicroelectronics.FP-ATR-SIGFOX1.3.2.0
2024-10-20 19:24:05,401 [WARN] PackLoader:240 - Cannot read IP mode file for STMicroelectronics.X-CUBE-EEPRMA1.5.1.0
2024-10-20 19:24:05,449 [WARN] PackLoader:240 - Cannot read IP mode file for STMicroelectronics.X-CUBE-MEMS1.9.5.0
2024-10-20 19:24:05,661 [WARN] PackLoader:240 - Cannot read IP mode file for SEGGER.I-CUBE-embOS.1.3.1
2024-10-20 19:24:05,785 [WARN] PackLoader:240 - Cannot read IP mode file for STMicroelectronics.X-CUBE-ALGOBUILD.1.4.0
2024-10-20 19:24:05,791 [WARN] PackLoader:240 - Cannot read IP mode file for STMicroelectronics.X-CUBE-AI.9.1.0
2024-10-20 19:24:05,799 [WARN] PackLoader:240 - Cannot read IP mode file for STMicroelectronics.X-CUBE-GNSS1.6.0.0
2024-10-20 19:24:05,828 [WARN] PackLoader:240 - Cannot read IP mode file for STMicroelectronics.X-CUBE-AZRTOS-F4.1.1.0
2024-10-20 19:24:05,838 [WARN] PackLoader:240 - Cannot read IP mode file for STMicroelectronics.X-CUBE-ISPU.2.1.0
2024-10-20 19:24:05,850 [WARN] PackLoader:240 - Cannot read IP mode file for STMicroelectronics.X-CUBE-FREERTOS.1.2.0
2024-10-20 19:24:05,878 [WARN] PackLoader:240 - Cannot read IP mode file for STMicroelectronics.X-CUBE-AZRTOS-L5.2.0.0
2024-10-20 19:24:05,954 [INFO] WebApp:448 - Apply proxy settings
2024-10-20 19:24:05,955 [INFO] WebApp:533 - Chromium requires no authentication
2024-10-20 19:24:05,968 [INFO] WebApp:476 - Direct internet connection detected
2024-10-20 19:24:05,971 [WARN] PackLoader:240 - Cannot read IP mode file for STMicroelectronics.X-CUBE-MEMS1.9.6.0
2024-10-20 19:24:06,003 [INFO] WebApp:869 - Register for checkConnection events
2024-10-20 19:24:06,004 [INFO] WebApp:448 - Apply proxy settings
2024-10-20 19:24:06,004 [INFO] WebApp:533 - Chromium requires no authentication
2024-10-20 19:24:06,005 [INFO] WebApp:476 - Direct internet connection detected
2024-10-20 19:24:06,180 [WARN] PackLoader:240 - Cannot read IP mode file for STMicroelectronics.X-CUBE-NFC6.3.1.0
2024-10-20 19:24:06,189 [WARN] PackLoader:240 - Cannot read IP mode file for ITTIA_DB.I-CUBE-ITTIADB.8.8.0
2024-10-20 19:24:06,197 [WARN] PackLoader:240 - Cannot read IP mode file for emotas.I-CUBE-CANOPEN.1.1.3
2024-10-20 19:24:06,204 [WARN] PackLoader:240 - Cannot read IP mode file for STMicroelectronics.X-CUBE-BLEMGR.2.0.0
2024-10-20 19:24:06,213 [WARN] PackLoader:240 - Cannot read IP mode file for STMicroelectronics.X-CUBE-DPower.1.2.0
2024-10-20 19:24:06,217 [WARN] PackLoader:240 - Cannot read IP mode file for STMicroelectronics.X-CUBE-AI.9.0.0
2024-10-20 19:24:06,333 [INFO] WebApp:220 - Starting web application
2024-10-20 19:24:06,333 [INFO] WebApp:578 - Web application path used C:\ST\STM32CubeIDE_1.11.2\STM32CubeIDE\plugins\com.st.stm32cube.common.mx_6.12.1.202409122256\db\plugins\mcufinder\reactClient1\index.html
2024-10-20 19:24:06,339 [WARN] ConditionMgr:438 - getConditionDescription Invalid condition id : UX DEVICE CLASS RTOS Condition cause : null
2024-10-20 19:24:06,340 [WARN] ConditionMgr:438 - getConditionDescription Invalid condition id : UX DEVICE CLASS RTOS Condition cause : null
2024-10-20 19:24:06,344 [WARN] PackLoader:240 - Cannot read IP mode file for STMicroelectronics.X-CUBE-AZRTOS-H7.3.1.0
2024-10-20 19:24:06,346 [WARN] ConditionMgr:1039 - genDependencies : Invalid condition id : UX DEVICE CLASS RTOS Condition cause : null
2024-10-20 19:24:06,346 [WARN] ConditionMgr:1039 - genDependencies : Invalid condition id : UX DEVICE CLASS RTOS Condition cause : null
2024-10-20 19:24:06,347 [WARN] ConditionMgr:1039 - genDependencies : Invalid condition id : UX DEVICE CLASS RTOS Condition cause : null
2024-10-20 19:24:06,347 [WARN] ConditionMgr:1039 - genDependencies : Invalid condition id : UX DEVICE CLASS RTOS Condition cause : null
2024-10-20 19:24:06,347 [WARN] ConditionMgr:1039 - genDependencies : Invalid condition id : UX DEVICE CLASS RTOS Condition cause : null
2024-10-20 19:24:06,353 [WARN] PackLoader:240 - Cannot read IP mode file for wolfSSL.I-CUBE-wolfSSL.5.5.4
2024-10-20 19:24:06,385 [WARN] PackLoader:240 - Cannot read IP mode file for STMicroelectronics.X-CUBE-NFC7.1.0.1
2024-10-20 19:24:06,418 [WARN] PackLoader:240 - Cannot read IP mode file for STMicroelectronics.X-CUBE-NFC7.1.0.0
2024-10-20 19:24:06,424 [WARN] PackLoader:240 - Cannot read IP mode file for wolfSSL.I-CUBE-wolfTPM.3.2.0
2024-10-20 19:24:06,452 [WARN] PackLoader:240 - Cannot read IP mode file for STMicroelectronics.X-CUBE-NFC6.3.0.0
2024-10-20 19:24:06,464 [INFO] UserAuth:417 - Internet connection configuration mode: 1
2024-10-20 19:24:06,751 [WARN] PackLoader:240 - Cannot read IP mode file for STMicroelectronics.X-CUBE-EEPRMA1.4.1.0
2024-10-20 19:24:06,756 [WARN] PackLoader:240 - Cannot read IP mode file for STMicroelectronics.X-CUBE-AI.8.1.0
2024-10-20 19:24:06,775 [WARN] ConditionMgr:438 - getConditionDescription Invalid condition id : LAN8742 Phy interface Condition cause : null
2024-10-20 19:24:06,776 [WARN] PackLoader:240 - Cannot read IP mode file for STMicroelectronics.X-CUBE-AZRTOS-L4.2.0.0
2024-10-20 19:24:06,778 [WARN] ConditionMgr:1039 - genDependencies : Invalid condition id : LAN8742 Phy interface Condition cause : null
2024-10-20 19:24:06,778 [WARN] ConditionMgr:1039 - genDependencies : Invalid condition id : LAN8742 Phy interface Condition cause : null
2024-10-20 19:24:06,779 [WARN] ConditionMgr:1039 - genDependencies : Invalid condition id : LAN8742 Phy interface Condition cause : null
2024-10-20 19:24:07,148 [WARN] PackLoader:240 - Cannot read IP mode file for STMicroelectronics.X-CUBE-SFXS2LP1.4.0.0
2024-10-20 19:24:07,168 [WARN] PackLoader:240 - Cannot read IP mode file for STMicroelectronics.X-CUBE-AZRTOS-H7.3.0.0
2024-10-20 19:24:07,206 [WARN] PackLoader:240 - Cannot read IP mode file for STMicroelectronics.X-CUBE-ISPU.1.1.0
2024-10-20 19:24:07,237 [WARN] PackLoader:240 - Cannot read IP mode file for STMicroelectronics.X-CUBE-AZRTOS-H7.3.3.0
2024-10-20 19:24:07,246 [WARN] PackLoader:240 - Cannot read IP mode file for RoweBots.I-CUBE-UNISONRTOS.5.5.0-4
2024-10-20 19:24:07,249 [WARN] PackLoader:240 - Cannot read IP mode file for STMicroelectronics.X-CUBE-AI.8.0.0
2024-10-20 19:24:07,255 [WARN] PackLoader:240 - Cannot read IP mode file for STMicroelectronics.X-CUBE-IPS.3.0.0
2024-10-20 19:24:07,267 [WARN] ConditionMgr:438 - getConditionDescription Invalid condition id : UX DEVICE CLASS RTOS Condition cause : null
2024-10-20 19:24:07,268 [WARN] ConditionMgr:438 - getConditionDescription Invalid condition id : UX DEVICE CLASS RTOS Condition cause : null
2024-10-20 19:24:07,270 [WARN] PackLoader:240 - Cannot read IP mode file for STMicroelectronics.X-CUBE-AZRTOS-WB.2.0.0
2024-10-20 19:24:07,271 [WARN] ConditionMgr:1039 - genDependencies : Invalid condition id : UX DEVICE CLASS RTOS Condition cause : null
2024-10-20 19:24:07,271 [WARN] ConditionMgr:1039 - genDependencies : Invalid condition id : UX DEVICE CLASS RTOS Condition cause : null
2024-10-20 19:24:07,272 [WARN] ConditionMgr:1039 - genDependencies : Invalid condition id : UX DEVICE CLASS RTOS Condition cause : null
2024-10-20 19:24:07,272 [WARN] ConditionMgr:1039 - genDependencies : Invalid condition id : UX DEVICE CLASS RTOS Condition cause : null
2024-10-20 19:24:07,272 [WARN] ConditionMgr:1039 - genDependencies : Invalid condition id : UX DEVICE CLASS RTOS Condition cause : null
2024-10-20 19:24:07,276 [WARN] PackLoader:240 - Cannot read IP mode file for STMicroelectronics.X-CUBE-FREERTOS.1.0.1
2024-10-20 19:24:07,279 [WARN] PackLoader:240 - Cannot read IP mode file for STMicroelectronics.X-CUBE-GNSS1.7.0.0
2024-10-20 19:24:07,285 [WARN] PackLoader:240 - Cannot read IP mode file for STMicroelectronics.FP-SNS-STBOX1.2.0.0
2024-10-20 19:24:07,297 [WARN] PackLoader:240 - Cannot read IP mode file for STMicroelectronics.X-CUBE-AZRTOS-L5.1.1.0
2024-10-20 19:24:07,556 [WARN] PackLoader:240 - Cannot read IP mode file for STMicroelectronics.X-CUBE-AI.8.0.1
2024-10-20 19:24:07,565 [WARN] PackLoader:240 - Cannot read IP mode file for STMicroelectronics.X-CUBE-SUBG2.5.0.0
2024-10-20 19:24:07,572 [WARN] PackLoader:240 - Cannot read IP mode file for Cesanta.I-CUBE-Mongoose.7.13.0
2024-10-20 19:24:07,584 [WARN] PackLoader:240 - Cannot read IP mode file for STMicroelectronics.X-CUBE-AZRTOS-G4.2.0.0
2024-10-20 19:24:07,655 [WARN] PackLoader:240 - Cannot read IP mode file for STMicroelectronics.X-CUBE-TOF1.3.3.0
2024-10-20 19:24:07,784 [WARN] PackLoader:240 - Cannot read IP mode file for STMicroelectronics.FP-ATR-ASTRA1.1.1.1
2024-10-20 19:24:07,795 [WARN] PackLoader:240 - Cannot read IP mode file for Infineon.AIROC-Wi-Fi-Bluetooth-STM32.1.5.1
2024-10-20 19:24:07,800 [WARN] PackLoader:240 - Cannot read IP mode file for STMicroelectronics.FP-SNS-MOTENVWB1.1.3.1
2024-10-20 19:24:07,810 [WARN] PackLoader:240 - Cannot read IP mode file for STMicroelectronics.X-CUBE-AZRTOS-G4.1.0.0
2024-10-20 19:24:07,829 [WARN] PackLoader:240 - Cannot read IP mode file for STMicroelectronics.X-CUBE-AZRTOS-L4.1.0.0
2024-10-20 19:24:07,848 [WARN] PackLoader:240 - Cannot read IP mode file for STMicroelectronics.X-CUBE-ISPU.2.0.0
2024-10-20 19:24:07,851 [WARN] PackLoader:240 - Cannot read IP mode file for STMicroelectronics.X-CUBE-ALS.1.0.2
2024-10-20 19:24:07,875 [WARN] PackLoader:240 - Cannot read IP mode file for STMicroelectronics.X-CUBE-MEMS1.10.0.0
2024-10-20 19:24:08,039 [WARN] PackLoader:240 - Cannot read IP mode file for STMicroelectronics.X-CUBE-FREERTOS.1.1.0
2024-10-20 19:24:08,043 [WARN] PackLoader:240 - Cannot read IP mode file for STMicroelectronics.X-CUBE-TOUCHGFX.4.24.0
2024-10-20 19:24:08,051 [WARN] PackLoader:240 - Cannot read IP mode file for STMicroelectronics.X-CUBE-AZRTOS-WL.1.0.0
2024-10-20 19:24:08,054 [WARN] PackLoader:240 - Cannot read IP mode file for STMicroelectronics.X-CUBE-TOUCHGFX.4.24.1
2024-10-20 19:24:08,061 [WARN] PackLoader:240 - Cannot read IP mode file for portGmbH.I-Cube-SoM-uGOAL.1.1.0
2024-10-20 19:24:08,065 [WARN] PackLoader:240 - Cannot read IP mode file for STMicroelectronics.X-CUBE-ALS.1.0.1
2024-10-20 19:24:08,079 [WARN] PackLoader:240 - Cannot read IP mode file for STMicroelectronics.X-CUBE-AZRTOS-WB.1.1.0
2024-10-20 19:24:08,109 [WARN] PackLoader:240 - Cannot read IP mode file for STMicroelectronics.X-CUBE-AZRTOS-H7RS.1.0.0
2024-10-20 19:24:08,115 [WARN] PackLoader:240 - Cannot read IP mode file for STMicroelectronics.FP-ATR-ASTRA1.2.0.0
2024-10-20 19:24:08,126 [WARN] PackLoader:240 - Cannot read IP mode file for STMicroelectronics.X-CUBE-TOF1.3.4.2
2024-10-20 19:24:08,158 [WARN] PackLoader:240 - Cannot read IP mode file for STMicroelectronics.X-CUBE-TOF1.3.4.0
2024-10-20 19:24:08,272 [WARN] PackLoader:240 - Cannot read IP mode file for STMicroelectronics.X-CUBE-AZRTOS-H7.3.2.0
2024-10-20 19:24:08,278 [WARN] PackLoader:240 - Cannot read IP mode file for wolfSSL.I-CUBE-wolfSSH.1.4.17
2024-10-20 19:24:08,279 [INFO] ThirdParty:978 - Integrity check success = true
2024-10-20 19:24:08,279 [INFO] IntegrityCheckThread:100 - exiting critical section [integrity check]
2024-10-20 19:24:08,279 [INFO] IntegrityCheckThread:103 - End integrity checks thread
2024-10-20 19:24:08,467 [INFO] WebApp:186 - Connection restablished
2024-10-20 21:50:29,088 [INFO] WebApp:189 - Connection lost
2024-10-20 21:50:29,593 [INFO] WebApp:186 - Connection restablished
2024-10-20 21:50:32,071 [INFO] WebApp:189 - Connection lost
2024-10-20 21:50:32,218 [INFO] WebApp:186 - Connection restablished
2024-10-20 21:53:18,091 [INFO] WebApp:189 - Connection lost
2024-10-20 21:53:18,245 [INFO] WebApp:186 - Connection restablished
2024-10-20 22:01:45,071 [INFO] WebApp:189 - Connection lost
2024-10-20 22:01:45,397 [INFO] WebApp:186 - Connection restablished
2024-10-20 23:43:13,055 [INFO] WebApp:189 - Connection lost
2024-10-20 23:43:14,622 [INFO] WebApp:186 - Connection restablished
2024-10-20 23:43:17,074 [INFO] WebApp:189 - Connection lost
2024-10-20 23:43:17,219 [INFO] WebApp:186 - Connection restablished
