2024-10-19 00:08:09,787 [INFO] UtilMem:75 - End SaveConfig() Used Memory: 417397992 Bytes (765460480)
2024-10-19 00:08:16,269 [INFO] UtilMem:75 - End SaveConfig() Used Memory: 438461920 Bytes (765460480)
2024-10-19 00:08:25,755 [INFO] UtilMem:75 - End SaveConfig() Used Memory: 576394312 Bytes (765460480)
2024-10-19 00:08:26,114 [INFO] BlockDiagram:2766 - set Specific Code input for plugin: NVIC
2024-10-19 00:08:26,114 [INFO] BlockDiagram:2766 - set Specific Code input for plugin: USART
2024-10-19 00:08:26,114 [INFO] BlockDiagram:2766 - set Specific Code input for plugin: SYS
2024-10-19 00:08:26,115 [INFO] BlockDiagram:2766 - set Specific Code input for plugin: GPIO
2024-10-19 00:08:26,115 [INFO] BlockDiagram:2766 - set Specific Code input for plugin: RCC
2024-10-19 00:08:26,115 [INFO] CodeGenerator:807 - code generatio: config db path: C:\ST\STM32CubeIDE_1.11.2\STM32CubeIDE\plugins\com.st.stm32cube.common.mx_6.12.1.202409122256\\db\
2024-10-19 00:08:26,172 [INFO] CodeEngine:255 - oldGeneratedFile, C:\Users\diobe\Desktop\DISE_ITESM\Communication_Protocols\UART\CProgPrintf\MXTmpFiles\license.tmp_save
2024-10-19 00:08:26,268 [INFO] CodeEngine:279 - Generated code: C:\Users\diobe\Desktop\DISE_ITESM\Communication_Protocols\UART\CProgPrintf\MXTmpFiles\license.tmp
2024-10-19 00:08:26,299 [INFO] CodeEngine:255 - oldGeneratedFile, C:\Users\diobe\Desktop\DISE_ITESM\Communication_Protocols\UART\CProgPrintf\MXTmpFiles\gpio.tmp_save
2024-10-19 00:08:26,382 [INFO] CodeEngine:279 - Generated code: C:\Users\diobe\Desktop\DISE_ITESM\Communication_Protocols\UART\CProgPrintf\MXTmpFiles\gpio.tmp
2024-10-19 00:08:26,456 [INFO] CodeEngine:255 - oldGeneratedFile, C:\Users\diobe\Desktop\DISE_ITESM\Communication_Protocols\UART\CProgPrintf\Core\Src\stm32f1xx_it.c_save
2024-10-19 00:08:26,650 [INFO] CodeEngine:279 - Generated code: C:\Users\diobe\Desktop\DISE_ITESM\Communication_Protocols\UART\CProgPrintf\Core\Src\stm32f1xx_it.c
2024-10-19 00:08:26,657 [INFO] CodeEngine:255 - oldGeneratedFile, C:\Users\diobe\Desktop\DISE_ITESM\Communication_Protocols\UART\CProgPrintf\Core\Inc\stm32f1xx_it.h_save
2024-10-19 00:08:26,719 [INFO] CodeEngine:279 - Generated code: C:\Users\diobe\Desktop\DISE_ITESM\Communication_Protocols\UART\CProgPrintf\Core\Inc\stm32f1xx_it.h
2024-10-19 00:08:26,731 [INFO] CodeEngine:255 - oldGeneratedFile, C:\Users\diobe\Desktop\DISE_ITESM\Communication_Protocols\UART\CProgPrintf\Core\Src\stm32f1xx_hal_msp.c_save
2024-10-19 00:08:26,847 [INFO] CodeEngine:279 - Generated code: C:\Users\diobe\Desktop\DISE_ITESM\Communication_Protocols\UART\CProgPrintf\Core\Src\stm32f1xx_hal_msp.c
2024-10-19 00:08:26,851 [INFO] CodeEngine:255 - oldGeneratedFile, C:\Users\diobe\Desktop\DISE_ITESM\Communication_Protocols\UART\CProgPrintf\MXTmpFiles\system.tmp_save
2024-10-19 00:08:26,908 [INFO] CodeEngine:279 - Generated code: C:\Users\diobe\Desktop\DISE_ITESM\Communication_Protocols\UART\CProgPrintf\MXTmpFiles\system.tmp
2024-10-19 00:08:26,911 [INFO] CodeEngine:255 - oldGeneratedFile, C:\Users\diobe\Desktop\DISE_ITESM\Communication_Protocols\UART\CProgPrintf\Core\Src\stm32f1xx_hal_timebase_tim.c_save
2024-10-19 00:08:26,965 [INFO] CodeEngine:279 - Generated code: C:\Users\diobe\Desktop\DISE_ITESM\Communication_Protocols\UART\CProgPrintf\Core\Src\stm32f1xx_hal_timebase_tim.c
2024-10-19 00:08:26,974 [INFO] CodeEngine:311 - oldGeneratedFile, C:\Users\diobe\Desktop\DISE_ITESM\Communication_Protocols\UART\CProgPrintf\Core\Inc\stm32f1xx_hal_conf.h_save
2024-10-19 00:08:27,032 [INFO] CodeEngine:335 - Generated code: C:\Users\diobe\Desktop\DISE_ITESM\Communication_Protocols\UART\CProgPrintf\Core\Inc\stm32f1xx_hal_conf.h
2024-10-19 00:08:27,055 [INFO] CodeEngine:255 - oldGeneratedFile, C:\Users\diobe\Desktop\DISE_ITESM\Communication_Protocols\UART\CProgPrintf\Core\Inc\main.h_save
2024-10-19 00:08:27,132 [INFO] CodeEngine:279 - Generated code: C:\Users\diobe\Desktop\DISE_ITESM\Communication_Protocols\UART\CProgPrintf\Core\Inc\main.h
2024-10-19 00:08:27,138 [INFO] CodeEngine:255 - oldGeneratedFile, C:\Users\diobe\Desktop\DISE_ITESM\Communication_Protocols\UART\CProgPrintf\Core\Src\main.c_save
2024-10-19 00:08:27,234 [INFO] CodeEngine:279 - Generated code: C:\Users\diobe\Desktop\DISE_ITESM\Communication_Protocols\UART\CProgPrintf\Core\Src\main.c
2024-10-19 00:08:27,490 [INFO] ProjectBuilder:3249 - Time for Copy HAL[1] : 96mS.
2024-10-19 00:08:27,493 [INFO] ProjectBuilder:4828 - Project Generator version: 4.5.0-B34
2024-10-19 00:08:27,568 [INFO] ConfigFileManager:1531 - The Die is : DIE410
2024-10-19 00:08:28,454 [INFO] ProjectBuilder:5097 - Time for Generating toolchain IDE Files: 961mS.
2024-10-19 00:08:28,455 [INFO] ProjectBuilder:3107 - Time for Copy CMSIS : 1mS.
2024-10-19 00:08:28,458 [INFO] ProjectBuilder:3107 - Time for Copy CMSIS : 0mS.
2024-10-19 00:09:44,324 [INFO] UtilMem:75 - End SaveConfig() Used Memory: 606509648 Bytes (765460480)
2024-10-19 00:09:44,552 [INFO] BlockDiagram:2766 - set Specific Code input for plugin: NVIC
2024-10-19 00:09:44,552 [INFO] BlockDiagram:2766 - set Specific Code input for plugin: USART
2024-10-19 00:09:44,552 [INFO] BlockDiagram:2766 - set Specific Code input for plugin: SYS
2024-10-19 00:09:44,552 [INFO] BlockDiagram:2766 - set Specific Code input for plugin: GPIO
2024-10-19 00:09:44,552 [INFO] BlockDiagram:2766 - set Specific Code input for plugin: RCC
2024-10-19 00:09:44,553 [INFO] CodeGenerator:807 - code generatio: config db path: C:\ST\STM32CubeIDE_1.11.2\STM32CubeIDE\plugins\com.st.stm32cube.common.mx_6.12.1.202409122256\\db\
2024-10-19 00:09:44,630 [INFO] CodeEngine:255 - oldGeneratedFile, C:\Users\diobe\Desktop\DISE_ITESM\Communication_Protocols\UART\CProgPrintf\MXTmpFiles\license.tmp_save
2024-10-19 00:09:44,684 [INFO] CodeEngine:279 - Generated code: C:\Users\diobe\Desktop\DISE_ITESM\Communication_Protocols\UART\CProgPrintf\MXTmpFiles\license.tmp
2024-10-19 00:09:44,701 [INFO] CodeEngine:255 - oldGeneratedFile, C:\Users\diobe\Desktop\DISE_ITESM\Communication_Protocols\UART\CProgPrintf\MXTmpFiles\gpio.tmp_save
2024-10-19 00:09:44,762 [INFO] CodeEngine:279 - Generated code: C:\Users\diobe\Desktop\DISE_ITESM\Communication_Protocols\UART\CProgPrintf\MXTmpFiles\gpio.tmp
2024-10-19 00:09:44,804 [INFO] CodeEngine:255 - oldGeneratedFile, C:\Users\diobe\Desktop\DISE_ITESM\Communication_Protocols\UART\CProgPrintf\Core\Src\stm32f1xx_it.c_save
2024-10-19 00:09:44,866 [INFO] CodeEngine:279 - Generated code: C:\Users\diobe\Desktop\DISE_ITESM\Communication_Protocols\UART\CProgPrintf\Core\Src\stm32f1xx_it.c
2024-10-19 00:09:44,872 [INFO] CodeEngine:255 - oldGeneratedFile, C:\Users\diobe\Desktop\DISE_ITESM\Communication_Protocols\UART\CProgPrintf\Core\Inc\stm32f1xx_it.h_save
2024-10-19 00:09:44,932 [INFO] CodeEngine:279 - Generated code: C:\Users\diobe\Desktop\DISE_ITESM\Communication_Protocols\UART\CProgPrintf\Core\Inc\stm32f1xx_it.h
2024-10-19 00:09:44,942 [INFO] CodeEngine:255 - oldGeneratedFile, C:\Users\diobe\Desktop\DISE_ITESM\Communication_Protocols\UART\CProgPrintf\Core\Src\stm32f1xx_hal_msp.c_save
2024-10-19 00:09:45,021 [INFO] CodeEngine:279 - Generated code: C:\Users\diobe\Desktop\DISE_ITESM\Communication_Protocols\UART\CProgPrintf\Core\Src\stm32f1xx_hal_msp.c
2024-10-19 00:09:45,025 [INFO] CodeEngine:255 - oldGeneratedFile, C:\Users\diobe\Desktop\DISE_ITESM\Communication_Protocols\UART\CProgPrintf\MXTmpFiles\system.tmp_save
2024-10-19 00:09:45,079 [INFO] CodeEngine:279 - Generated code: C:\Users\diobe\Desktop\DISE_ITESM\Communication_Protocols\UART\CProgPrintf\MXTmpFiles\system.tmp
2024-10-19 00:09:45,084 [INFO] CodeEngine:255 - oldGeneratedFile, C:\Users\diobe\Desktop\DISE_ITESM\Communication_Protocols\UART\CProgPrintf\Core\Src\stm32f1xx_hal_timebase_tim.c_save
2024-10-19 00:09:45,149 [INFO] CodeEngine:279 - Generated code: C:\Users\diobe\Desktop\DISE_ITESM\Communication_Protocols\UART\CProgPrintf\Core\Src\stm32f1xx_hal_timebase_tim.c
2024-10-19 00:09:45,159 [INFO] CodeEngine:311 - oldGeneratedFile, C:\Users\diobe\Desktop\DISE_ITESM\Communication_Protocols\UART\CProgPrintf\Core\Inc\stm32f1xx_hal_conf.h_save
2024-10-19 00:09:45,218 [INFO] CodeEngine:335 - Generated code: C:\Users\diobe\Desktop\DISE_ITESM\Communication_Protocols\UART\CProgPrintf\Core\Inc\stm32f1xx_hal_conf.h
2024-10-19 00:09:45,242 [INFO] CodeEngine:255 - oldGeneratedFile, C:\Users\diobe\Desktop\DISE_ITESM\Communication_Protocols\UART\CProgPrintf\Core\Inc\main.h_save
2024-10-19 00:09:45,300 [INFO] CodeEngine:279 - Generated code: C:\Users\diobe\Desktop\DISE_ITESM\Communication_Protocols\UART\CProgPrintf\Core\Inc\main.h
2024-10-19 00:09:45,305 [INFO] CodeEngine:255 - oldGeneratedFile, C:\Users\diobe\Desktop\DISE_ITESM\Communication_Protocols\UART\CProgPrintf\Core\Src\main.c_save
2024-10-19 00:09:45,380 [INFO] CodeEngine:279 - Generated code: C:\Users\diobe\Desktop\DISE_ITESM\Communication_Protocols\UART\CProgPrintf\Core\Src\main.c
2024-10-19 00:09:45,611 [INFO] ProjectBuilder:3249 - Time for Copy HAL[1] : 89mS.
2024-10-19 00:09:45,614 [INFO] ProjectBuilder:4828 - Project Generator version: 4.5.0-B34
2024-10-19 00:09:45,675 [INFO] ConfigFileManager:1531 - The Die is : DIE410
2024-10-19 00:09:46,279 [INFO] ProjectBuilder:5097 - Time for Generating toolchain IDE Files: 665mS.
2024-10-19 00:09:46,280 [INFO] ProjectBuilder:3107 - Time for Copy CMSIS : 0mS.
2024-10-19 00:09:46,282 [INFO] ProjectBuilder:3107 - Time for Copy CMSIS : 0mS.
2024-10-19 18:09:07,075 [INFO] WebApp:189 - Connection lost
2024-10-19 18:09:07,281 [INFO] WebApp:186 - Connection restablished
2024-10-19 18:14:59,585 [INFO] WebApp:189 - Connection lost
2024-10-19 18:14:59,906 [INFO] WebApp:186 - Connection restablished
2024-10-19 18:37:14,080 [INFO] WebApp:189 - Connection lost
2024-10-19 18:37:14,514 [INFO] WebApp:186 - Connection restablished
2024-10-19 18:37:17,563 [INFO] WebApp:189 - Connection lost
2024-10-19 18:37:17,703 [INFO] WebApp:186 - Connection restablished
2024-10-19 18:38:26,066 [INFO] WebApp:189 - Connection lost
2024-10-19 18:38:26,211 [INFO] WebApp:186 - Connection restablished
2024-10-19 18:40:01,552 [INFO] WebApp:189 - Connection lost
2024-10-19 18:40:01,819 [INFO] WebApp:186 - Connection restablished
